Component: ARM Compiler 5.06 update 6 (build 750) Tool: armlink [4d35ed]

==============================================================================

Section Cross References

    startup_stm32f411xe.o(RESET) refers to startup_stm32f411xe.o(STACK) for __initial_sp
    startup_stm32f411xe.o(RESET) refers to startup_stm32f411xe.o(.text) for Reset_Handler
    startup_stm32f411xe.o(RESET) refers to stm32f4xx_it.o(i.NMI_Handler) for NMI_Handler
    startup_stm32f411xe.o(RESET) refers to stm32f4xx_it.o(i.HardFault_Handler) for HardFault_Handler
    startup_stm32f411xe.o(RESET) refers to stm32f4xx_it.o(i.MemManage_Handler) for MemManage_Handler
    startup_stm32f411xe.o(RESET) refers to stm32f4xx_it.o(i.BusFault_Handler) for BusFault_Handler
    startup_stm32f411xe.o(RESET) refers to stm32f4xx_it.o(i.UsageFault_Handler) for UsageFault_Handler
    startup_stm32f411xe.o(RESET) refers to stm32f4xx_it.o(i.SVC_Handler) for SVC_Handler
    startup_stm32f411xe.o(RESET) refers to stm32f4xx_it.o(i.DebugMon_Handler) for DebugMon_Handler
    startup_stm32f411xe.o(RESET) refers to stm32f4xx_it.o(i.PendSV_Handler) for PendSV_Handler
    startup_stm32f411xe.o(RESET) refers to stm32f4xx_it.o(i.SysTick_Handler) for SysTick_Handler
    startup_stm32f411xe.o(RESET) refers to stm32f4xx_it.o(i.EXTI0_IRQHandler) for EXTI0_IRQHandler
    startup_stm32f411xe.o(RESET) refers to stm32f4xx_it.o(i.TIM1_UP_TIM10_IRQHandler) for TIM1_UP_TIM10_IRQHandler
    startup_stm32f411xe.o(RESET) refers to stm32f4xx_it.o(i.USART1_IRQHandler) for USART1_IRQHandler
    startup_stm32f411xe.o(RESET) refers to stm32f4xx_it.o(i.USART2_IRQHandler) for USART2_IRQHandler
    startup_stm32f411xe.o(RESET) refers to stm32f4xx_it.o(i.EXTI15_10_IRQHandler) for EXTI15_10_IRQHandler
    startup_stm32f411xe.o(RESET) refers to stm32f4xx_it.o(i.RTC_Alarm_IRQHandler) for RTC_Alarm_IRQHandler
    startup_stm32f411xe.o(RESET) refers to stm32f4xx_it.o(i.DMA2_Stream2_IRQHandler) for DMA2_Stream2_IRQHandler
    startup_stm32f411xe.o(.text) refers to system_stm32f4xx.o(i.SystemInit) for SystemInit
    startup_stm32f411xe.o(.text) refers to entry.o(.ARM.Collect$$$$00000000) for __main
    controltask.o(i.HAL_TIM_PeriodElapsedCallback) refers to stm32f4xx_hal_gpio.o(i.HAL_GPIO_TogglePin) for HAL_GPIO_TogglePin
    controltask.o(i.HAL_TIM_PeriodElapsedCallback) refers to stm32f4xx_hal_gpio.o(i.HAL_GPIO_WritePin) for HAL_GPIO_WritePin
    controltask.o(i.HAL_TIM_PeriodElapsedCallback) refers to multi_button.o(i.button_ticks) for button_ticks
    controltask.o(i.HAL_TIM_PeriodElapsedCallback) refers to tim.o(.bss) for htim10
    controltask.o(i.HAL_TIM_PeriodElapsedCallback) refers to controltask.o(.data) for .data
    controltask.o(i.HAL_TIM_PeriodElapsedCallback) refers to main.o(.data) for bme280ready
    controltask.o(i.HAL_TIM_PeriodElapsedCallback) refers to main.o(.data) for bt_update
    bmp280.o(i.bmp280_force_measurement) refers to bmp280.o(i.read_data) for read_data
    bmp280.o(i.bmp280_force_measurement) refers to bmp280.o(i.write_register8) for write_register8
    bmp280.o(i.bmp280_init) refers to bmp280.o(i.read_data) for read_data
    bmp280.o(i.bmp280_init) refers to bmp280.o(i.write_register8) for write_register8
    bmp280.o(i.bmp280_init) refers to bmp280.o(i.read_calibration_data) for read_calibration_data
    bmp280.o(i.bmp280_init) refers to bmp280.o(i.read_hum_calibration_data) for read_hum_calibration_data
    bmp280.o(i.bmp280_is_measuring) refers to bmp280.o(i.read_data) for read_data
    bmp280.o(i.bmp280_read_fixed) refers to bmp280.o(i.read_data) for read_data
    bmp280.o(i.bmp280_read_fixed) refers to bmp280.o(i.compensate_pressure) for compensate_pressure
    bmp280.o(i.bmp280_read_float) refers to bmp280.o(i.bmp280_read_fixed) for bmp280_read_fixed
    bmp280.o(i.compensate_pressure) refers to ldiv.o(.text) for __aeabi_ldivmod
    bmp280.o(i.read_calibration_data) refers to bmp280.o(i.read_register16) for read_register16
    bmp280.o(i.read_data) refers to stm32f4xx_hal_i2c.o(i.HAL_I2C_Mem_Read) for HAL_I2C_Mem_Read
    bmp280.o(i.read_hum_calibration_data) refers to bmp280.o(i.read_data) for read_data
    bmp280.o(i.read_hum_calibration_data) refers to bmp280.o(i.read_register16) for read_register16
    bmp280.o(i.read_register16) refers to stm32f4xx_hal_i2c.o(i.HAL_I2C_Mem_Read) for HAL_I2C_Mem_Read
    bmp280.o(i.write_register8) refers to stm32f4xx_hal_i2c.o(i.HAL_I2C_Mem_Write) for HAL_I2C_Mem_Write
    mcu_api.o(i.bt_protocol_init) refers to mcu_ota_handler.o(i.mcu_ota_init) for mcu_ota_init
    mcu_api.o(i.bt_protocol_init) refers to system.o(.bss) for bt_queue_buf
    mcu_api.o(i.bt_protocol_init) refers to system.o(.data) for queue_in
    mcu_api.o(i.bt_uart_service) refers to system.o(i.get_queue_total_data) for get_queue_total_data
    mcu_api.o(i.bt_uart_service) refers to system.o(i.Queue_Read_Byte) for Queue_Read_Byte
    mcu_api.o(i.bt_uart_service) refers to mcu_api.o(i.mcu_common_uart_data_unpack) for mcu_common_uart_data_unpack
[...]
    my_button_init                           0x0800f685   Thumb Code    86  my_multi_button.o(i.my_button_init)
    my_memcmp                                0x0800f6f9   Thumb Code    32  mcu_api.o(i.my_memcmp)
    my_memcpy                                0x0800f719   Thumb Code    60  mcu_api.o(i.my_memcpy)
    my_memset                                0x0800f755   Thumb Code    20  mcu_api.o(i.my_memset)
    my_strlen                                0x0800f769   Thumb Code    22  mcu_api.o(i.my_strlen)
    read_button1_GPIO                        0x0800f881   Thumb Code    10  my_multi_button.o(i.read_button1_GPIO)
    read_button2_GPIO                        0x0800f891   Thumb Code     8  my_multi_button.o(i.read_button2_GPIO)
    set_alarm                                0x0800fb45   Thumb Code    70  rtc.o(i.set_alarm)
    set_bt_uart_buffer                       0x0800fb91   Thumb Code    22  system.o(i.set_bt_uart_buffer)
    set_bt_uart_byte                         0x0800fbad   Thumb Code    12  system.o(i.set_bt_uart_byte)
    set_time                                 0x0800fbbd   Thumb Code   108  rtc.o(i.set_time)
    uart_receive_input                       0x0800fd69   Thumb Code    52  mcu_api.o(i.uart_receive_input)
    uart_transmit_output                     0x0800fda9   Thumb Code    18  protocol.o(i.uart_transmit_output)
    download_cmd                             0x0800fdf6   Data           8  protocol.o(.constdata)
    AHBPrescTable                            0x0800fe8b   Data          16  system_stm32f4xx.o(.constdata)
    APBPrescTable                            0x0800fe9b   Data           8  system_stm32f4xx.o(.constdata)
    MYimgBg_map                              0x080181bc   Data       40000  myimgbg.o(.constdata)
    MYimgBg                                  0x08021dfc   Data          12  myimgbg.o(.constdata)
    __ctype_table                            0x08021e08   Data         129  ctype_o.o(.constdata)
    Region$$Table$$Base                      0x08021ec0   Number         0  anon$$obj.o(Region$$Table)
    Region$$Table$$Limit                     0x08021ee0   Number         0  anon$$obj.o(Region$$Table)
    buzzerEN                                 0x20000000   Data           1  controltask.o(.data)
    get_time_flag                            0x20000001   Data           1  controltask.o(.data)
    reset_bt_flag                            0x20000019   Data           1  system.o(.data)
    bt_work_state                            0x2000001a   Data           1  system.o(.data)
    queue_in                                 0x2000001c   Data           4  system.o(.data)
    queue_out                                0x20000020   Data           4  system.o(.data)
    stop_update_flag                         0x20000024   Data           1  system.o(.data)
    my_stop                                  0x2000003c   Data           1  my_multi_button.o(.data)
    cur_window                               0x2000003d   Data           1  my_multi_button.o(.data)
    bme280ready                              0x2000003e   Data           1  main.o(.data)
    clockTime                                0x2000003f   Data           1  main.o(.data)
    completed1                               0x20000040   Data           1  main.o(.data)
    bt_update                                0x20000044   Data           1  main.o(.data)
    bRxBuffer                                0x20000045   Data           1  main.o(.data)
    size                                     0x20000046   Data           2  main.o(.data)
    btn1                                     0x20000048   Data           4  main.o(.data)
    uwTickFreq                               0x20000068   Data           1  stm32f4xx_hal.o(.data)
    uwTickPrio                               0x2000006c   Data           4  stm32f4xx_hal.o(.data)
    uwTick                                   0x20000070   Data           4  stm32f4xx_hal.o(.data)
    SystemCoreClock                          0x20000074   Data           4  system_stm32f4xx.o(.data)
    lv_font_roboto_16                        0x200000e8   Data          16  lv_font_roboto_16.o(.data)
    _lv_img_cache_array                      0x2000010c   Data           4  lv_gc.o(.data)
    _lv_task_act                             0x20000110   Data           4  lv_gc.o(.data)
    _lv_draw_buf                             0x20000114   Data           4  lv_gc.o(.data)
    lv_txt_encoded_size                      0x20000134   Data           4  lv_txt.o(.data)
    lv_txt_encoded_next                      0x20000138   Data           4  lv_txt.o(.data)
    lv_txt_encoded_prev                      0x2000013c   Data           4  lv_txt.o(.data)
    lv_txt_encoded_get_byte_id               0x20000140   Data           4  lv_txt.o(.data)
    lv_txt_encoded_get_char_id               0x20000144   Data           4  lv_txt.o(.data)
    lv_txt_get_encoded_length                0x20000148   Data           4  lv_txt.o(.data)
    pressure                                 0x20000190   Data           4  page_dialplate.o(.data)
    temperature                              0x20000194   Data           4  page_dialplate.o(.data)
    humidity                                 0x20000198   Data           4  page_dialplate.o(.data)
    Morganite_100                            0x200001c0   Data          16  morganite_100.o(.data)
    Segoe_20                                 0x200001ec   Data          16  segoe_20.o(.data)
    __stdout                                 0x200001fc   Data           4  stdout.o(.data)
    bt_queue_buf                             0x20000200   Data         519  system.o(.bss)
    bt_uart_rx_buf                           0x20000407   Data         263  system.o(.bss)
    bt_uart_tx_buf                           0x2000050e   Data         519  system.o(.bss)
    button1                                  0x20000994   Data          40  my_multi_button.o(.bss)
    button2                                  0x200009bc   Data          40  my_multi_button.o(.bss)
    bmp280                                   0x20007f98   Data          52  main.o(.bss)
    Data                                     0x20007fcc   Data         256  main.o(.bss)
    a                                        0x200080cc   Data          36  main.o(.bss)
    hadc1                                    0x20008168   Data          72  adc.o(.bss)
    hi2c1                                    0x200081b0   Data          84  i2c.o(.bss)
    time                                     0x20008204   Data          10  rtc.o(.bss)
    date                                     0x2000820e   Data          10  rtc.o(.bss)
    hrtc                                     0x20008218   Data          32  rtc.o(.bss)
    hspi1                                    0x20008238   Data          88  spi.o(.bss)
    hdma_spi1_tx                             0x20008290   Data          96  spi.o(.bss)
    htim10                                   0x200082f0   Data          64  tim.o(.bss)
    huart1                                   0x20008330   Data          64  usart.o(.bss)
    huart2                                   0x20008370   Data          64  usart.o(.bss)
    lv_style_scr                             0x200083b0   Data          60  lv_style.o(.bss)
    lv_style_transp                          0x200083ec   Data          60  lv_style.o(.bss)
    lv_style_transp_fit                      0x20008428   Data          60  lv_style.o(.bss)
    lv_style_transp_tight                    0x20008464   Data          60  lv_style.o(.bss)
    lv_style_plain                           0x200084a0   Data          60  lv_style.o(.bss)
    lv_style_plain_color                     0x200084dc   Data          60  lv_style.o(.bss)
    lv_style_pretty                          0x20008518   Data          60  lv_style.o(.bss)
    lv_style_pretty_color                    0x20008554   Data          60  lv_style.o(.bss)
    lv_style_btn_rel                         0x20008590   Data          60  lv_style.o(.bss)
    lv_style_btn_pr                          0x200085cc   Data          60  lv_style.o(.bss)
    lv_style_btn_tgl_rel                     0x20008608   Data          60  lv_style.o(.bss)
    lv_style_btn_tgl_pr                      0x20008644   Data          60  lv_style.o(.bss)
    lv_style_btn_ina                         0x20008680   Data          60  lv_style.o(.bss)
    _lv_task_ll                              0x200086bc   Data          12  lv_gc.o(.bss)
    _lv_disp_ll                              0x200086c8   Data          12  lv_gc.o(.bss)
    _lv_indev_ll                             0x200086d4   Data          12  lv_gc.o(.bss)
    _lv_drv_ll                               0x200086e0   Data          12  lv_gc.o(.bss)
    _lv_file_ll                              0x200086ec   Data          12  lv_gc.o(.bss)
    _lv_anim_ll                              0x200086f8   Data          12  lv_gc.o(.bss)
    _lv_group_ll                             0x20008704   Data          12  lv_gc.o(.bss)
    _lv_img_defoder_ll                       0x20008710   Data          12  lv_gc.o(.bss)
    __initial_sp                             0x20011b90   Data           0  startup_stm32f411xe.o(STACK)



==============================================================================

Memory Map of the image

  Image Entry point : 0x08000199

  Load Region LR_IROM1 (Base: 0x08000000, Size: 0x000220e0, Max: 0x00040000, ABSOLUTE, COMPRESSED[0x00021f80])

    Execution Region ER_IROM1 (Exec base: 0x08000000, Load base: 0x08000000, Size: 0x00021ee0, Max: 0x00040000, ABSOLUTE)

    Exec Addr    Load Addr    Size         Type   Attr      Idx    E Section Name        Object

    0x08000000   0x08000000   0x00000198   Data   RO            3    RESET               startup_stm32f411xe.o
    0x08000198   0x08000198   0x00000000   Code   RO        15883  * .ARM.Collect$$$$00000000  mc_w.l(entry.o)
    0x08000198   0x08000198   0x00000004   Code   RO        16219    .ARM.Collect$$$$00000001  mc_w.l(entry2.o)
    0x0800019c   0x0800019c   0x00000004   Code   RO        16222    .ARM.Collect$$$$00000004  mc_w.l(entry5.o)
    0x080001a0   0x080001a0   0x00000000   Code   RO        16224    .ARM.Collect$$$$00000008  mc_w.l(entry7b.o)
    0x080001a0   0x080001a0   0x00000000   Code   RO        16226    .ARM.Collect$$$$0000000A  mc_w.l(entry8b.o)
    0x080001a0   0x080001a0   0x00000008   Code   RO        16227    .ARM.Collect$$$$0000000B  mc_w.l(entry9a.o)
    0x080001a8   0x080001a8   0x00000000   Code   RO        16229    .ARM.Collect$$$$0000000D  mc_w.l(entry10a.o)
    0x080001a8   0x080001a8   0x00000000   Code   RO        16231    .ARM.Collect$$$$0000000F  mc_w.l(entry11a.o)
    0x080001a8   0x080001a8   0x00000004   Code   RO        16220    .ARM.Collect$$$$00002712  mc_w.l(entry2.o)
    0x080001ac   0x080001ac   0x00000024   Code   RO            4    .text               startup_stm32f411xe.o
    0x080001d0   0x080001d0   0x00000062   Code   RO        15886    .text               mc_w.l(uldiv.o)
    0x08000232   0x08000232   0x00000062   Code   RO        15888    .text               mc_w.l(ldiv.o)
    0x08000294   0x08000294   0x00000008   Code   RO        15890    .text               mc_w.l(ctype_o.o)
    0x0800029c   0x0800029c   0x00000024   Code   RO        15918    .text               mc_w.l(memcpya.o)
    0x080002c0   0x080002c0   0x00000024   Code   RO        15920    .text               mc_w.l(memseta.o)
    0x080002e4   0x080002e4   0x0000000e   Code   RO        15924    .text               mc_w.l(strlen.o)
    0x080002f2   0x080002f2   0x0000001c   Code   RO        15926    .text               mc_w.l(strcmp.o)
    0x0800030e   0x0800030e   0x0000001a   Code   RO        15928    .text               mc_w.l(memcmp.o)
    0x08000328   0x08000328   0x00000012   Code   RO        15930    .text               mc_w.l(strcpy.o)
    0x0800033a   0x0800033a   0x0000014e   Code   RO        16195    .text               mf_w.l(dadd.o)
    0x08000488   0x08000488   0x000000e4   Code   RO        16197    .text               mf_w.l(dmul.o)
    0x0800056c   0x0800056c   0x000000de   Code   RO        16199    .text               mf_w.l(ddiv.o)
    0x0800064a   0x0800064a   0x00000022   Code   RO        16203    .text               mf_w.l(dflti.o)
    0x0800066c   0x0800066c   0x0000001a   Code   RO        16205    .text               mf_w.l(dfltui.o)
    0x08000686   0x08000686   0x0000003e   Code   RO        16207    .text               mf_w.l(dfixi.o)
    0x080006c4   0x080006c4   0x00000032   Code   RO        16209    .text               mf_w.l(dfixui.o)
    0x080006f6   0x080006f6   0x00000026   Code   RO        16211    .text               mf_w.l(f2d.o)
    0x0800071c   0x0800071c   0x00000030   Code   RO        16213    .text               mf_w.l(cdcmple.o)
    0x0800074c   0x0800074c   0x00000030   Code   RO        16215    .text               mf_w.l(cdrcmple.o)
    0x0800077c   0x0800077c   0x00000038   Code   RO        16217    .text               mf_w.l(d2f.o)
    0x080007b4   0x080007b4   0x0000002c   Code   RO        16234    .text               mc_w.l(uidiv.o)
    0x080007e0   0x080007e0   0x0000001e   Code   RO        16236    .text               mc_w.l(llshl.o)
    0x080007fe   0x080007fe   0x00000020   Code   RO        16238    .text               mc_w.l(llushr.o)
    0x0800081e   0x0800081e   0x00000024   Code   RO        16240    .text               mc_w.l(llsshr.o)
    0x08000842   0x08000842   0x00000000   Code   RO        16242    .text               mc_w.l(iusefp.o)
    0x08000842   0x08000842   0x0000006e   Code   RO        16243    .text               mf_w.l(fepilogue.o)
    0x080008b0   0x080008b0   0x000000ba   Code   RO        16245    .text               mf_w.l(depilogue.o)
    0x0800096a   0x0800096a   0x00000002   PAD
    0x0800096c   0x0800096c   0x00000024   Code   RO        16249    .text               mc_w.l(init.o)
    0x08000990   0x08000990   0x00000056   Code   RO        16259    .text               mc_w.l(__dczerorl2.o)
    0x080009e6   0x080009e6   0x00000002   PAD
    0x080009e8   0x080009e8   0x00000128   Code   RO         2425    i.ADC_Init          stm32f4xx_hal_adc.o
    0x08000b10   0x08000b10   0x0000000c   Code   RO         1408    i.BTN1_DOUBLE_Click_Handler  my_multi_button.o
    0x08000b1c   0x08000b1c   0x00000038   Code   RO         1409    i.BTN1_LONG_PRESS_START_Handler  my_multi_button.o
    0x08000b54   0x08000b54   0x00000002   Code   RO         1410    i.BTN2_DOUBLE_Click_Handler  my_multi_button.o
    0x08000b56   0x08000b56   0x00000002   Code   RO         1411    i.BTN2_LONG_PRESS_START_Handler  my_multi_button.o
    0x08000b58   0x08000b58   0x00000002   Code   RO         2226    i.BusFault_Handler  stm32f4xx_it.o
    0x08000b5a   0x08000b5a   0x00000002   PAD
    0x08000b5c   0x08000b5c   0x00000014   Code   RO         2227    i.DMA2_Stream2_IRQHandler  stm32f4xx_it.o
    0x08000b70   0x08000b70   0x00000028   Code   RO         3210    i.DMA_CalcBaseAndBitshift  stm32f4xx_hal_dma.o
    0x08000b98   0x08000b98   0x00000054   Code   RO         3211    i.DMA_CheckFifoParam  stm32f4xx_hal_dma.o
    0x08000bec   0x08000bec   0x00000024   Code   RO        15602    i.DateExit          page_dialplate.o
    0x08000c10   0x08000c10   0x00000002   Code   RO         2228    i.DebugMon_Handler  stm32f4xx_it.o
    0x08000c12   0x08000c12   0x00000002   PAD
    0x08000c14   0x08000c14   0x00000020   Code   RO        15603    i.DialPlateExit     page_dialplate.o
    0x08000c34   0x08000c34   0x00000034   Code   RO        15604    i.DialPlateSetup    page_dialplate.o
    0x08000c68   0x08000c68   0x00000006   Code   RO         2229    i.EXTI0_IRQHandler  stm32f4xx_it.o
    0x08000c6e   0x08000c6e   0x00000008   Code   RO         2230    i.EXTI15_10_IRQHandler  stm32f4xx_it.o
    0x08000c76   0x08000c76   0x00000002   Code   RO         1483    i.Error_Handler     main.o
    0x08000c78   0x08000c78   0x00000164   Code   RO         2427    i.HAL_ADC_ConfigChannel  stm32f4xx_hal_adc.o
    0x08000ddc   0x08000ddc   0x00000004   Code   RO         2433    i.HAL_ADC_GetState  stm32f4xx_hal_adc.o
    0x08000de0   0x08000de0   0x00000006   Code   RO         2434    i.HAL_ADC_GetValue  stm32f4xx_hal_adc.o
    0x08000de6   0x08000de6   0x00000054   Code   RO         2436    i.HAL_ADC_Init      stm32f4xx_hal_adc.o
    0x08000e3a   0x08000e3a   0x00000002   PAD
    0x08000e3c   0x08000e3c   0x00000060   Code   RO         1914    i.HAL_ADC_MspInit   adc.o
    0x08000e9c   0x08000e9c   0x000000a2   Code   RO         2440    i.HAL_ADC_PollForConversion  stm32f4xx_hal_adc.o
    0x08000f3e   0x08000f3e   0x00000002   PAD
    0x08000f40   0x08000f40   0x000000bc   Code   RO         2442    i.HAL_ADC_Start     stm32f4xx_hal_adc.o
    0x08000ffc   0x08000ffc   0x00000024   Code   RO         3214    i.HAL_DMA_Abort_IT  stm32f4xx_hal_dma.o
    0x08001020   0x08001020   0x000001a0   Code   RO         3218    i.HAL_DMA_IRQHandler  stm32f4xx_hal_dma.o
    0x080011c0   0x080011c0   0x000000d4   Code   RO         3219    i.HAL_DMA_Init      stm32f4xx_hal_dma.o
    0x08001294   0x08001294   0x00000024   Code   RO         3656    i.HAL_Delay         stm32f4xx_hal.o
    0x080012b8   0x080012b8   0x00000002   Code   RO           13    i.HAL_GPIO_EXTI_Callback  controltask.o
    0x080012ba   0x080012ba   0x00000002   PAD
    0x080012bc   0x080012bc   0x00000018   Code   RO         3105    i.HAL_GPIO_EXTI_IRQHandler  stm32f4xx_hal_gpio.o
    0x080012d4   0x080012d4   0x00000194   Code   RO         3106    i.HAL_GPIO_Init     stm32f4xx_hal_gpio.o
    0x08001468   0x08001468   0x0000000a   Code   RO         3108    i.HAL_GPIO_ReadPin  stm32f4xx_hal_gpio.o
    0x08001472   0x08001472   0x0000000e   Code   RO         3109    i.HAL_GPIO_TogglePin  stm32f4xx_hal_gpio.o
    0x08001480   0x08001480   0x0000000a   Code   RO         3110    i.HAL_GPIO_WritePin  stm32f4xx_hal_gpio.o
    0x0800148a   0x0800148a   0x00000002   PAD
    0x0800148c   0x0800148c   0x0000000c   Code   RO         3662    i.HAL_GetTick       stm32f4xx_hal.o
    0x08001498   0x08001498   0x00000188   Code   RO         3918    i.HAL_I2C_Init      stm32f4xx_hal_i2c.o
    0x08001620   0x08001620   0x000001f8   Code   RO         3936    i.HAL_I2C_Mem_Read  stm32f4xx_hal_i2c.o
    0x08001818   0x08001818   0x00000130   Code   RO         3939    i.HAL_I2C_Mem_Write  stm32f4xx_hal_i2c.o
    0x08001948   0x08001948   0x00000068   Code   RO         1987    i.HAL_I2C_MspInit   i2c.o
    0x080019b0   0x080019b0   0x00000010   Code   RO         3668    i.HAL_IncTick       stm32f4xx_hal.o
    0x080019c0   0x080019c0   0x00000034   Code   RO         3669    i.HAL_Init          stm32f4xx_hal.o
    0x080019f4   0x080019f4   0x00000040   Code   RO         3670    i.HAL_InitTick      stm32f4xx_hal.o
    0x08001a34   0x08001a34   0x00000030   Code   RO         2353    i.HAL_MspInit       stm32f4xx_hal_msp.o
    0x08001a64   0x08001a64   0x00000022   Code   RO         3518    i.HAL_NVIC_DisableIRQ  stm32f4xx_hal_cortex.o
    0x08001a86   0x08001a86   0x0000001a   Code   RO         3519    i.HAL_NVIC_EnableIRQ  stm32f4xx_hal_cortex.o
    0x08001aa0   0x08001aa0   0x00000040   Code   RO         3525    i.HAL_NVIC_SetPriority  stm32f4xx_hal_cortex.o
    0x08001ae0   0x08001ae0   0x00000024   Code   RO         3526    i.HAL_NVIC_SetPriorityGrouping  stm32f4xx_hal_cortex.o
    0x08001b04   0x08001b04   0x00000038   Code   RO         3330    i.HAL_PWR_EnterSTOPMode  stm32f4xx_hal_pwr.o
    0x08001b3c   0x08001b3c   0x00000154   Code   RO         2803    i.HAL_RCCEx_PeriphCLKConfig  stm32f4xx_hal_rcc_ex.o
    0x08001c90   0x08001c90   0x00000134   Code   RO         2698    i.HAL_RCC_ClockConfig  stm32f4xx_hal_rcc.o
    0x08001dc4   0x08001dc4   0x00000020   Code   RO         2705    i.HAL_RCC_GetPCLK1Freq  stm32f4xx_hal_rcc.o
    0x08001de4   0x08001de4   0x00000020   Code   RO         2706    i.HAL_RCC_GetPCLK2Freq  stm32f4xx_hal_rcc.o
    0x08001e04   0x08001e04   0x00000064   Code   RO         2707    i.HAL_RCC_GetSysClockFreq  stm32f4xx_hal_rcc.o
    0x08001e68   0x08001e68   0x0000035c   Code   RO         2710    i.HAL_RCC_OscConfig  stm32f4xx_hal_rcc.o
    0x080021c4   0x080021c4   0x00000002   Code   RO         4501    i.HAL_RTCEx_AlarmBEventCallback  stm32f4xx_hal_rtc_ex.o
    0x080021c6   0x080021c6   0x0000000a   Code   RO         4502    i.HAL_RTCEx_BKUPRead  stm32f4xx_hal_rtc_ex.o
    0x080021d0   0x080021d0   0x0000000a   Code   RO         4503    i.HAL_RTCEx_BKUPWrite  stm32f4xx_hal_rtc_ex.o
    0x080021da   0x080021da   0x00000002   Code   RO         4364    i.HAL_RTC_AlarmAEventCallback  stm32f4xx_hal_rtc.o
    0x080021dc   0x080021dc   0x0000005c   Code   RO         4365    i.HAL_RTC_AlarmIRQHandler  stm32f4xx_hal_rtc.o
    0x08002238   0x08002238   0x00000044   Code   RO         4369    i.HAL_RTC_GetDate   stm32f4xx_hal_rtc.o
    0x0800227c   0x0800227c   0x00000058   Code   RO         4371    i.HAL_RTC_GetTime   stm32f4xx_hal_rtc.o
    0x080022d4   0x080022d4   0x000000ac   Code   RO         4372    i.HAL_RTC_Init      stm32f4xx_hal_rtc.o
    0x08002380   0x08002380   0x00000030   Code   RO         2029    i.HAL_RTC_MspInit   rtc.o
    0x080023b0   0x080023b0   0x00000178   Code   RO         4377    i.HAL_RTC_SetAlarm_IT  stm32f4xx_hal_rtc.o
    0x08002528   0x08002528   0x000000c8   Code   RO         4378    i.HAL_RTC_SetDate   stm32f4xx_hal_rtc.o
    0x080025f0   0x080025f0   0x000000ec   Code   RO         4379    i.HAL_RTC_SetTime   stm32f4xx_hal_rtc.o
    0x080026dc   0x080026dc   0x00000036   Code   RO         4380    i.HAL_RTC_WaitForSynchro  stm32f4xx_hal_rtc.o
    0x08002712   0x08002712   0x0000000e   Code   RO         3673    i.HAL_ResumeTick    stm32f4xx_hal.o
    0x08002720   0x08002720   0x00000080   Code   RO         4740    i.HAL_SPI_Init      stm32f4xx_hal_spi.o
    0x080027a0   0x080027a0   0x000000a4   Code   RO         2089    i.HAL_SPI_MspInit   spi.o
    0x08002844   0x08002844   0x0000015c   Code   RO         4748    i.HAL_SPI_Transmit  stm32f4xx_hal_spi.o
    0x080029a0   0x080029a0   0x00000028   Code   RO         3530    i.HAL_SYSTICK_Config  stm32f4xx_hal_cortex.o
    0x080029c8   0x080029c8   0x0000000e   Code   RO         3675    i.HAL_SuspendTick   stm32f4xx_hal.o
    0x080029d6   0x080029d6   0x00000002   Code   RO         5728    i.HAL_TIMEx_BreakCallback  stm32f4xx_hal_tim_ex.o
    0x080029d8   0x080029d8   0x00000002   Code   RO         5729    i.HAL_TIMEx_CommutCallback  stm32f4xx_hal_tim_ex.o
    0x080029da   0x080029da   0x00000036   Code   RO         5053    i.HAL_TIM_Base_Init  stm32f4xx_hal_tim.o
    0x08002a10   0x08002a10   0x0000003c   Code   RO         2131    i.HAL_TIM_Base_MspInit  tim.o
    0x08002a4c   0x08002a4c   0x00000022   Code   RO         5058    i.HAL_TIM_Base_Start_IT  stm32f4xx_hal_tim.o
    0x08002a6e   0x08002a6e   0x00000002   Code   RO         5082    i.HAL_TIM_IC_CaptureCallback  stm32f4xx_hal_tim.o
    0x08002a70   0x08002a70   0x00000166   Code   RO         5096    i.HAL_TIM_IRQHandler  stm32f4xx_hal_tim.o
    0x08002bd6   0x08002bd6   0x00000002   Code   RO         5099    i.HAL_TIM_OC_DelayElapsedCallback  stm32f4xx_hal_tim.o
    0x08002bd8   0x08002bd8   0x00000002   Code   RO         5126    i.HAL_TIM_PWM_PulseFinishedCallback  stm32f4xx_hal_tim.o
    0x08002bda   0x08002bda   0x00000002   PAD
    0x08002bdc   0x08002bdc   0x000000b8   Code   RO           14    i.HAL_TIM_PeriodElapsedCallback  controltask.o
    0x08002c94   0x08002c94   0x00000002   Code   RO         5139    i.HAL_TIM_TriggerCallback  stm32f4xx_hal_tim.o
    0x08002c96   0x08002c96   0x00000002   Code   RO         6000    i.HAL_UART_ErrorCallback  stm32f4xx_hal_uart.o
    0x08002c98   0x08002c98   0x00000114   Code   RO         6003    i.HAL_UART_IRQHandler  stm32f4xx_hal_uart.o
    0x08002dac   0x08002dac   0x00000062   Code   RO         6004    i.HAL_UART_Init     stm32f4xx_hal_uart.o
    0x08002e0e   0x08002e0e   0x00000002   PAD
    0x08002e10   0x08002e10   0x000000c8   Code   RO         2173    i.HAL_UART_MspInit  usart.o
    0x08002ed8   0x08002ed8   0x00000052   Code   RO         6009    i.HAL_UART_Receive_IT  stm32f4xx_hal_uart.o
    0x08002f2a   0x08002f2a   0x00000002   PAD
    0x08002f2c   0x08002f2c   0x00000028   Code   RO         1184    i.HAL_UART_RxCpltCallback  uart234.o
    0x08002f54   0x08002f54   0x000000ba   Code   RO         6012    i.HAL_UART_Transmit  stm32f4xx_hal_uart.o
    0x0800300e   0x0800300e   0x00000002   Code   RO         6015    i.HAL_UART_TxCpltCallback  stm32f4xx_hal_uart.o
    0x08003010   0x08003010   0x00000002   Code   RO         2231    i.HardFault_Handler  stm32f4xx_it.o
    0x08003012   0x08003012   0x0000002e   Code   RO         3960    i.I2C_IsAcknowledgeFailed  stm32f4xx_hal_i2c.o
    0x08003040   0x08003040   0x000000fc   Code   RO         3970    i.I2C_RequestMemoryRead  stm32f4xx_hal_i2c.o
    0x0800313c   0x0800313c   0x000000a8   Code   RO         3971    i.I2C_RequestMemoryWrite  stm32f4xx_hal_i2c.o
    0x080031e4   0x080031e4   0x0000004c   Code   RO         3974    i.I2C_WaitOnBTFFlagUntilTimeout  stm32f4xx_hal_i2c.o
    0x08003230   0x08003230   0x00000068   Code   RO         3975    i.I2C_WaitOnFlagUntilTimeout  stm32f4xx_hal_i2c.o
    0x08003298   0x08003298   0x00000096   Code   RO         3976    i.I2C_WaitOnMasterAddressFlagUntilTimeout  stm32f4xx_hal_i2c.o
    0x0800332e   0x0800332e   0x00000066   Code   RO         3977    i.I2C_WaitOnRXNEFlagUntilTimeout  stm32f4xx_hal_i2c.o
    0x08003394   0x08003394   0x0000004c   Code   RO         3978    i.I2C_WaitOnTXEFlagUntilTimeout  stm32f4xx_hal_i2c.o
    0x080033e0   0x080033e0   0x00000030   Code   RO        15605    i.ImgBg_Create      page_dialplate.o
    0x08003410   0x08003410   0x00000010   Code   RO         1484    i.LP_Clr            main.o
    0x08003420   0x08003420   0x00000064   Code   RO        15606    i.LabelBatBar_Create  page_dialplate.o
    0x08003484   0x08003484   0x000000a4   Code   RO        15607    i.LabelDate_Create  page_dialplate.o
    0x08003528   0x08003528   0x00000418   Code   RO        15608    i.LabelTimeGrp_Update  page_dialplate.o
    0x08003940   0x08003940   0x0000019c   Code   RO        15609    i.LabelTime_Create  page_dialplate.o
    0x08003adc   0x08003adc   0x00000038   Code   RO        15610    i.LabelTopBarSetup  page_dialplate.o
    0x08003b14   0x08003b14   0x00000090   Code   RO        15611    i.LabelTopBar_Create  page_dialplate.o
    0x08003ba4   0x08003ba4   0x00000064   Code   RO         1915    i.MX_ADC1_Init      adc.o
    0x08003c08   0x08003c08   0x0000002c   Code   RO         1962    i.MX_DMA_Init       dma.o
    0x08003c34   0x08003c34   0x0000012c   Code   RO         1889    i.MX_GPIO_Init      gpio.o
    0x08003d60   0x08003d60   0x00000040   Code   RO         1988    i.MX_I2C1_Init      i2c.o
    0x08003da0   0x08003da0   0x0000003c   Code   RO         2030    i.MX_RTC_Init       rtc.o
    0x08003ddc   0x08003ddc   0x00000048   Code   RO         2090    i.MX_SPI1_Init      spi.o
    0x08003e24   0x08003e24   0x00000034   Code   RO         2132    i.MX_TIM10_Init     tim.o
    0x08003e58   0x08003e58   0x00000038   Code   RO         2174    i.MX_USART1_UART_Init  usart.o
    0x08003e90   0x08003e90   0x00000038   Code   RO         2175    i.MX_USART2_UART_Init  usart.o
    0x08003ec8   0x08003ec8   0x00000002   Code   RO         2232    i.MemManage_Handler  stm32f4xx_it.o
    0x08003eca   0x08003eca   0x00000002   Code   RO         2233    i.NMI_Handler       stm32f4xx_it.o
    0x08003ecc   0x08003ecc   0x00000002   Code   RO         2234    i.PendSV_Handler    stm32f4xx_it.o
    0x08003ece   0x08003ece   0x00000002   PAD
    0x08003ed0   0x08003ed0   0x00000028   Code   RO         1011    i.Queue_Read_Byte   system.o
    0x08003ef8   0x08003ef8   0x0000000c   Code   RO         2235    i.RTC_Alarm_IRQHandler  stm32f4xx_it.o
    0x08003f04   0x08003f04   0x00000012   Code   RO         4381    i.RTC_Bcd2ToByte    stm32f4xx_hal_rtc.o
    0x08003f16   0x08003f16   0x00000016   Code   RO         4382    i.RTC_ByteToBcd2    stm32f4xx_hal_rtc.o
    0x08003f2c   0x08003f2c   0x0000003a   Code   RO         4383    i.RTC_EnterInitMode  stm32f4xx_hal_rtc.o
    0x08003f66   0x08003f66   0x00000002   PAD
    0x08003f68   0x08003f68   0x00000058   Code   RO         4778    i.SPI_EndRxTxTransaction  stm32f4xx_hal_spi.o
    0x08003fc0   0x08003fc0   0x00000094   Code   RO         4783    i.SPI_WaitFlagStateUntilTimeout  stm32f4xx_hal_spi.o
    0x08004054   0x08004054   0x0000003c   Code   RO         1254    i.ST7735_DrawPixel  st7735.o
    0x08004090   0x08004090   0x00000046   Code   RO         1255    i.ST7735_ExecuteCommandList  st7735.o
    0x080040d6   0x080040d6   0x00000002   PAD
    0x080040d8   0x080040d8   0x00000098   Code   RO         1256    i.ST7735_FillRectangle  st7735.o
    0x08004170   0x08004170   0x00000012   Code   RO         1257    i.ST7735_FillScreen  st7735.o
    0x08004182   0x08004182   0x00000002   PAD
    0x08004184   0x08004184   0x00000058   Code   RO         1258    i.ST7735_Init       st7735.o
    0x080041dc   0x080041dc   0x00000010   Code   RO         1260    i.ST7735_Select     st7735.o
    0x080041ec   0x080041ec   0x0000004a   Code   RO         1261    i.ST7735_SetAddressWindow  st7735.o
    0x08004236   0x08004236   0x00000002   PAD
    0x08004238   0x08004238   0x00000010   Code   RO         1262    i.ST7735_Unselect   st7735.o
    0x08004248   0x08004248   0x00000024   Code   RO         1264    i.ST7735_WriteCommand  st7735.o
    0x0800426c   0x0800426c   0x0000002c   Code   RO         1265    i.ST7735_WriteData  st7735.o
    0x08004298   0x08004298   0x00000002   Code   RO         2236    i.SVC_Handler       stm32f4xx_it.o
    0x0800429a   0x0800429a   0x00000010   Code   RO         2237    i.SysTick_Handler   stm32f4xx_it.o
    0x080042aa   0x080042aa   0x00000002   PAD
    0x080042ac   0x080042ac   0x0000009c   Code   RO         1485    i.SystemClock_Config  main.o
    0x08004348   0x08004348   0x0000001c   Code   RO         6306    i.SystemInit        system_stm32f4xx.o
    0x08004364   0x08004364   0x0000000c   Code   RO         2238    i.TIM1_UP_TIM10_IRQHandler  stm32f4xx_it.o
    0x08004370   0x08004370   0x00000098   Code   RO         5141    i.TIM_Base_SetConfig  stm32f4xx_hal_tim.o
    0x08004408   0x08004408   0x000000a0   Code   RO        15612    i.Task_BatUpdate    page_dialplate.o
    0x080044a8   0x080044a8   0x0000006c   Code   RO        15613    i.Task_DateUpdate   page_dialplate.o
    0x08004514   0x08004514   0x0000001c   Code   RO        15614    i.Task_TimeUpdate   page_dialplate.o
    0x08004530   0x08004530   0x00000050   Code   RO        15615    i.Task_TopBarUpdate  page_dialplate.o
    0x08004580   0x08004580   0x00000010   Code   RO         6017    i.UART_DMAAbortOnError  stm32f4xx_hal_uart.o
    0x08004590   0x08004590   0x0000001c   Code   RO         6027    i.UART_EndRxTransfer  stm32f4xx_hal_uart.o
    0x080045ac   0x080045ac   0x00000096   Code   RO         6029    i.UART_Receive_IT   stm32f4xx_hal_uart.o
    0x08004642   0x08004642   0x00000002   PAD
    0x08004644   0x08004644   0x00000128   Code   RO         6030    i.UART_SetConfig    stm32f4xx_hal_uart.o
    0x0800476c   0x0800476c   0x00000062   Code   RO         6031    i.UART_Transmit_IT  stm32f4xx_hal_uart.o
    0x080047ce   0x080047ce   0x00000064   Code   RO         6032    i.UART_WaitOnFlagUntilTimeout  stm32f4xx_hal_uart.o
    0x08004832   0x08004832   0x00000002   PAD
    0x08004834   0x08004834   0x0000000c   Code   RO         2239    i.USART1_IRQHandler  stm32f4xx_it.o
    0x08004840   0x08004840   0x0000000c   Code   RO         2240    i.USART2_IRQHandler  stm32f4xx_it.o
    0x0800484c   0x0800484c   0x00000002   Code   RO         2241    i.UsageFault_Handler  stm32f4xx_it.o
    0x0800484e   0x0800484e   0x00000002   PAD
    0x08004850   0x08004850   0x00000020   Code   RO        16089    i.__0printf$6       mc_w.l(printf6.o)
    0x08004870   0x08004870   0x00000028   Code   RO        16091    i.__0sprintf$6      mc_w.l(printf6.o)
    0x08004898   0x08004898   0x00000020   Code   RO         3532    i.__NVIC_SetPriority  stm32f4xx_hal_cortex.o
    0x080048b8   0x080048b8   0x0000000e   Code   RO        16253    i.__scatterload_copy  mc_w.l(handlers.o)
    0x080048c6   0x080048c6   0x00000002   Code   RO        16254    i.__scatterload_null  mc_w.l(handlers.o)
    0x080048c8   0x080048c8   0x0000000e   Code   RO        16255    i.__scatterload_zeroinit  mc_w.l(handlers.o)
    0x080048d6   0x080048d6   0x00000030   Code   RO        15844    i.__user_font_get_bitmap  segoe_20.o
    0x08004906   0x08004906   0x00000048   Code   RO        15845    i.__user_font_get_glyph_dsc  segoe_20.o
    0x0800494e   0x0800494e   0x0000002e   Code   RO        10206    i._atoi             lv_printf.o
    0x0800497c   0x0800497c   0x000003f4   Code   RO        10207    i._etoa             lv_printf.o
    0x08004d70   0x08004d70   0x000002ec   Code   RO        10208    i._ftoa             lv_printf.o
    0x0800505c   0x0800505c   0x0000000e   Code   RO        10209    i._is_digit         lv_printf.o
    0x0800506a   0x0800506a   0x000000e4   Code   RO        10210    i._ntoa_format      lv_printf.o
    0x0800514e   0x0800514e   0x00000080   Code   RO        10211    i._ntoa_long        lv_printf.o
    0x080051ce   0x080051ce   0x00000080   Code   RO        10212    i._ntoa_long_long   lv_printf.o
    0x0800524e   0x0800524e   0x00000008   Code   RO        10213    i._out_buffer       lv_printf.o
    0x08005256   0x08005256   0x00000002   Code   RO        10214    i._out_null         lv_printf.o
    0x08005258   0x08005258   0x0000006c   Code   RO        10215    i._out_rev          lv_printf.o
    0x080052c4   0x080052c4   0x000002f0   Code   RO        16096    i._printf_core      mc_w.l(printf6.o)
    0x080055b4   0x080055b4   0x00000024   Code   RO        16097    i._printf_post_padding  mc_w.l(printf6.o)
    0x080055d8   0x080055d8   0x0000002e   Code   RO        16098    i._printf_pre_padding  mc_w.l(printf6.o)
    0x08005606   0x08005606   0x0000000a   Code   RO        16100    i._sputc            mc_w.l(printf6.o)
    0x08005610   0x08005610   0x00000494   Code   RO        10216    i._vsnprintf        lv_printf.o
    0x08005aa4   0x08005aa4   0x00000054   Code   RO          844    i.all_data_update   protocol.o
    0x08005af8   0x08005af8   0x00000078   Code   RO         9551    i.anim_ready_handler  lv_anim.o
    0x08005b70   0x08005b70   0x00000098   Code   RO         9552    i.anim_task         lv_anim.o
    0x08005c08   0x08005c08   0x0000003c   Code   RO         8227    i.antialias_get_opa_circ  lv_draw_rect.o
    0x08005c44   0x08005c44   0x00000030   Code   RO        15846    i.binsearch         segoe_20.o
    0x08005c74   0x08005c74   0x00000056   Code   RO         8611    i.bits_write        lv_font_fmt_txt.o
    0x08005cca   0x08005cca   0x000000c8   Code   RO          469    i.bmp280_init       bmp280.o
    0x08005d92   0x08005d92   0x00000012   Code   RO          470    i.bmp280_init_default_params  bmp280.o
    0x08005da4   0x08005da4   0x0000010e   Code   RO          472    i.bmp280_read_fixed  bmp280.o
    0x08005eb2   0x08005eb2   0x00000002   PAD
    0x08005eb4   0x08005eb4   0x0000006c   Code   RO          473    i.bmp280_read_float  bmp280.o
    0x08005f20   0x08005f20   0x00000002   Code   RO          846    i.bt_close_timer_result  protocol.o
    0x08005f22   0x08005f22   0x00000002   Code   RO          848    i.bt_disconnect_result  protocol.o
    0x08005f24   0x08005f24   0x00000002   Code   RO          850    i.bt_enable_lowpoer_result  protocol.o
    0x08005f26   0x08005f26   0x00000002   Code   RO          851    i.bt_factor_reset_notify  protocol.o
    0x08005f28   0x08005f28   0x00000002   Code   RO          853    i.bt_modify_adv_interval_result  protocol.o
    0x08005f2a   0x08005f2a   0x00000002   PAD
    0x08005f2c   0x08005f2c   0x00000024   Code   RO          663    i.bt_protocol_init  mcu_api.o
    0x08005f50   0x08005f50   0x0000004c   Code   RO          855    i.bt_rf_test_result  protocol.o
    0x08005f9c   0x08005f9c   0x00000002   Code   RO          858    i.bt_send_one_time_password_token_result  protocol.o
    0x08005f9e   0x08005f9e   0x00000002   Code   RO          860    i.bt_send_recordable_dp_data_result  protocol.o
    0x08005fa0   0x08005fa0   0x00000002   Code   RO          862    i.bt_time_sync_result  protocol.o
    0x08005fa2   0x08005fa2   0x00000002   PAD
    0x08005fa4   0x08005fa4   0x00000050   Code   RO          664    i.bt_uart_service   mcu_api.o
    0x08005ff4   0x08005ff4   0x00000048   Code   RO         1012    i.bt_uart_write_frame  system.o
    0x0800603c   0x0800603c   0x00000008   Code   RO         1349    i.button_attach     multi_button.o
    0x08006044   0x08006044   0x000001a0   Code   RO         1350    i.button_handler    multi_button.o
    0x080061e4   0x080061e4   0x0000002c   Code   RO         1351    i.button_init       multi_button.o
    0x08006210   0x08006210   0x00000024   Code   RO         1352    i.button_start      multi_button.o
    0x08006234   0x08006234   0x0000001c   Code   RO         1354    i.button_ticks      multi_button.o
    0x08006250   0x08006250   0x0000015c   Code   RO          474    i.compensate_pressure  bmp280.o
    0x080063ac   0x080063ac   0x0000003c   Code   RO         1079    i.crc32_compute     mcu_ota_handler.o
    0x080063e8   0x080063e8   0x000002dc   Code   RO         1013    i.data_handle       system.o
    0x080066c4   0x080066c4   0x0000009c   Code   RO         8612    i.decompress        lv_font_fmt_txt.o
    0x08006760   0x08006760   0x0000001c   Code   RO         8613    i.decompress_line   lv_font_fmt_txt.o
    0x0800677c   0x0800677c   0x000000b4   Code   RO         6946    i.delete_children   lv_obj.o
    0x08006830   0x08006830   0x00000040   Code   RO        15561    i.disp_flush        lv_port_disp.o
    0x08006870   0x08006870   0x00000016   Code   RO          864    i.dp_download_handle  protocol.o
    0x08006886   0x08006886   0x00000002   PAD
    0x08006888   0x08006888   0x00000024   Code   RO        10139    i.ent_get_next      lv_mem.o
    0x080068ac   0x080068ac   0x00000042   Code   RO        10140    i.ent_trunc         lv_mem.o
    0x080068ee   0x080068ee   0x00000002   PAD
    0x080068f0   0x080068f0   0x00000050   Code   RO         1080    i.file_crc_check_in_flash  mcu_ota_handler.o
    0x08006940   0x08006940   0x00000074   Code   RO        15616    i.fmap              page_dialplate.o
    0x080069b4   0x080069b4   0x000000ca   Code   RO         6511    i.focus_next_core   lv_group.o
    0x08006a7e   0x08006a7e   0x00000002   PAD
    0x08006a80   0x08006a80   0x00000018   Code   RO         2176    i.fputc             usart.o
    0x08006a98   0x08006a98   0x00000028   Code   RO         8614    i.get_bits          lv_font_fmt_txt.o
    0x08006ac0   0x08006ac0   0x0000001e   Code   RO         1014    i.get_check_sum     system.o
    0x08006ade   0x08006ade   0x00000004   Code   RO          865    i.get_download_cmd_total  protocol.o
    0x08006ae2   0x08006ae2   0x00000002   PAD
    0x08006ae4   0x08006ae4   0x0000010c   Code   RO         8615    i.get_glyph_dsc_id  lv_font_fmt_txt.o
    0x08006bf0   0x08006bf0   0x0000008c   Code   RO         8616    i.get_kern_value    lv_font_fmt_txt.o
    0x08006c7c   0x08006c7c   0x00000018   Code   RO         1015    i.get_queue_total_data  system.o
    0x08006c94   0x08006c94   0x00000070   Code   RO         2031    i.get_time          rtc.o
    0x08006d04   0x08006d04   0x00000040   Code   RO         8152    i.hex_char_to_num   lv_draw_label.o
    0x08006d44   0x08006d44   0x00000054   Code   RO         1487    i.init              main.o
    0x08006d98   0x08006d98   0x00000014   Code   RO         8617    i.kern_pair_16_compare  lv_font_fmt_txt.o
    0x08006dac   0x08006dac   0x00000014   Code   RO         8618    i.kern_pair_8_compare  lv_font_fmt_txt.o
    0x08006dc0   0x08006dc0   0x00000030   Code   RO         9553    i.lv_anim_core_init  lv_anim.o
    0x08006df0   0x08006df0   0x0000004c   Code   RO         9555    i.lv_anim_create    lv_anim.o
    0x08006e3c   0x08006e3c   0x00000060   Code   RO         9556    i.lv_anim_del       lv_anim.o
    0x08006e9c   0x08006e9c   0x00000024   Code   RO         9557    i.lv_anim_init      lv_anim.o
    0x08006ec0   0x08006ec0   0x0000003a   Code   RO         9561    i.lv_anim_path_ease_out  lv_anim.o
    0x08006efa   0x08006efa   0x00000026   Code   RO         9562    i.lv_anim_path_linear  lv_anim.o
    0x08006f20   0x08006f20   0x00000026   Code   RO         9565    i.lv_anim_speed_to_time  lv_anim.o
    0x08006f46   0x08006f46   0x0000001c   Code   RO         9725    i.lv_area_get_size  lv_area.o
    0x08006f62   0x08006f62   0x0000000c   Code   RO         8153    i.lv_area_get_width  lv_draw_label.o
    0x08006f6e   0x08006f6e   0x00000050   Code   RO         9727    i.lv_area_intersect  lv_area.o
    0x08006fbe   0x08006fbe   0x0000003a   Code   RO         9728    i.lv_area_is_in     lv_area.o
    0x08006ff8   0x08006ff8   0x00000038   Code   RO         9729    i.lv_area_is_on     lv_area.o
    0x08007030   0x08007030   0x00000044   Code   RO         9731    i.lv_area_join      lv_area.o
    0x08007074   0x08007074   0x0000000e   Code   RO         9732    i.lv_area_set       lv_area.o
    0x08007082   0x08007082   0x0000000a   Code   RO         9733    i.lv_area_set_height  lv_area.o
    0x0800708c   0x0800708c   0x0000004e   Code   RO        10105    i.lv_bezier3        lv_math.o
    0x080070da   0x080070da   0x00000014   Code   RO         9894    i.lv_circ_cont      lv_circ.o
    0x080070ee   0x080070ee   0x0000000e   Code   RO         9895    i.lv_circ_init      lv_circ.o
    0x080070fc   0x080070fc   0x00000030   Code   RO         9896    i.lv_circ_next      lv_circ.o
    0x0800712c   0x0800712c   0x00000030   Code   RO         7687    i.lv_color_make     lv_style.o
    0x0800715c   0x0800715c   0x00000054   Code   RO         7956    i.lv_color_mix      lv_draw_basic.o
    0x080071b0   0x080071b0   0x00000054   Code   RO         8228    i.lv_color_mix      lv_draw_rect.o
    0x08007204   0x08007204   0x00000054   Code   RO        13051    i.lv_color_mix      lv_led.o
    0x08007258   0x08007258   0x000000b8   Code   RO        11910    i.lv_cont_create    lv_cont.o
    0x08007310   0x08007310   0x0000000e   Code   RO        11915    i.lv_cont_get_layout  lv_cont.o
    0x0800731e   0x0800731e   0x000000c6   Code   RO        11916    i.lv_cont_layout_center  lv_cont.o
    0x080073e4   0x080073e4   0x0000009a   Code   RO        11917    i.lv_cont_layout_col  lv_cont.o
    0x0800747e   0x0800747e   0x000000f0   Code   RO        11918    i.lv_cont_layout_grid  lv_cont.o
    0x0800756e   0x0800756e   0x00000002   PAD
    0x08007570   0x08007570   0x00000210   Code   RO        11919    i.lv_cont_layout_pretty  lv_cont.o
    0x08007780   0x08007780   0x000000d2   Code   RO        11920    i.lv_cont_layout_row  lv_cont.o
    0x08007852   0x08007852   0x00000002   PAD
    0x08007854   0x08007854   0x000002a4   Code   RO        11921    i.lv_cont_refr_autofit  lv_cont.o
    0x08007af8   0x08007af8   0x00000072   Code   RO        11922    i.lv_cont_refr_layout  lv_cont.o
    0x08007b6a   0x08007b6a   0x00000002   PAD
    0x08007b6c   0x08007b6c   0x00000080   Code   RO        11925    i.lv_cont_signal    lv_cont.o
    0x08007bec   0x08007bec   0x0000001e   Code   RO         9218    i.lv_disp_buf_init  lv_hal_disp.o
    0x08007c0a   0x08007c0a   0x00000002   PAD
    0x08007c0c   0x08007c0c   0x00000038   Code   RO         9219    i.lv_disp_drv_init  lv_hal_disp.o
    0x08007c44   0x08007c44   0x000000ac   Code   RO         9220    i.lv_disp_drv_register  lv_hal_disp.o
    0x08007cf0   0x08007cf0   0x0000000c   Code   RO         9222    i.lv_disp_flush_ready  lv_hal_disp.o
    0x08007cfc   0x08007cfc   0x00000018   Code   RO         9223    i.lv_disp_get_antialiasing  lv_hal_disp.o
    0x08007d14   0x08007d14   0x00000004   Code   RO         9224    i.lv_disp_get_buf   lv_hal_disp.o
    0x08007d18   0x08007d18   0x0000000c   Code   RO         9225    i.lv_disp_get_default  lv_hal_disp.o
    0x08007d24   0x08007d24   0x00000024   Code   RO         9226    i.lv_disp_get_hor_res  lv_hal_disp.o
    0x08007d48   0x08007d48   0x00000010   Code   RO         6410    i.lv_disp_get_layer_sys  lv_disp.o
    0x08007d58   0x08007d58   0x00000010   Code   RO         6411    i.lv_disp_get_layer_top  lv_disp.o
    0x08007d68   0x08007d68   0x00000010   Code   RO         6413    i.lv_disp_get_scr_act  lv_disp.o
    0x08007d78   0x08007d78   0x00000024   Code   RO         9229    i.lv_disp_get_ver_res  lv_hal_disp.o
    0x08007d9c   0x08007d9c   0x00000012   Code   RO         9230    i.lv_disp_is_double_buf  lv_hal_disp.o
    0x08007dae   0x08007dae   0x00000024   Code   RO         9231    i.lv_disp_is_true_double_buf  lv_hal_disp.o
    0x08007dd2   0x08007dd2   0x00000002   PAD
    0x08007dd4   0x08007dd4   0x0000010c   Code   RO         7590    i.lv_disp_refr_task  lv_refr.o
    0x08007ee0   0x08007ee0   0x00000034   Code   RO         7762    i.lv_draw_aa_get_opa  lv_draw.o
    0x08007f14   0x08007f14   0x0000003a   Code   RO         8229    i.lv_draw_cont_radius_corr  lv_draw_rect.o
    0x08007f4e   0x08007f4e   0x00000074   Code   RO         7957    i.lv_draw_fill      lv_draw_basic.o
    0x08007fc2   0x08007fc2   0x00000002   PAD
    0x08007fc4   0x08007fc4   0x00000020   Code   RO         7765    i.lv_draw_free_buf  lv_draw.o
    0x08007fe4   0x08007fe4   0x00000030   Code   RO         7766    i.lv_draw_get_buf   lv_draw.o
    0x08008014   0x08008014   0x00000058   Code   RO         8041    i.lv_draw_img       lv_draw_img.o
    0x0800806c   0x0800806c   0x00000470   Code   RO         8154    i.lv_draw_label     lv_draw_label.o
    0x080084dc   0x080084dc   0x00000434   Code   RO         7958    i.lv_draw_letter    lv_draw_basic.o
    0x08008910   0x08008910   0x0000029e   Code   RO         7959    i.lv_draw_map       lv_draw_basic.o
    0x08008bae   0x08008bae   0x00000098   Code   RO         7960    i.lv_draw_px        lv_draw_basic.o
    0x08008c46   0x08008c46   0x0000009a   Code   RO         8230    i.lv_draw_rect      lv_draw_rect.o
    0x08008ce0   0x08008ce0   0x00000a6e   Code   RO         8231    i.lv_draw_rect_border_corner  lv_draw_rect.o
    0x0800974e   0x0800974e   0x000003ae   Code   RO         8232    i.lv_draw_rect_border_straight  lv_draw_rect.o
    0x08009afc   0x08009afc   0x00000826   Code   RO         8233    i.lv_draw_rect_main_corner  lv_draw_rect.o
    0x0800a322   0x0800a322   0x00000002   PAD
    0x0800a324   0x0800a324   0x0000012c   Code   RO         8234    i.lv_draw_rect_main_mid  lv_draw_rect.o
    0x0800a450   0x0800a450   0x000000a2   Code   RO         8235    i.lv_draw_shadow    lv_draw_rect.o
    0x0800a4f2   0x0800a4f2   0x00000002   PAD
    0x0800a4f4   0x0800a4f4   0x00000214   Code   RO         8236    i.lv_draw_shadow_bottom  lv_draw_rect.o
    0x0800a708   0x0800a708   0x00000328   Code   RO         8237    i.lv_draw_shadow_full  lv_draw_rect.o
    0x0800aa30   0x0800aa30   0x0000015a   Code   RO         8238    i.lv_draw_shadow_full_straight  lv_draw_rect.o
    0x0800ab8a   0x0800ab8a   0x00000002   PAD
    0x0800ab8c   0x0800ab8c   0x0000001c   Code   RO         6949    i.lv_event_mark_deleted  lv_obj.o
    0x0800aba8   0x0800aba8   0x0000001a   Code   RO         6950    i.lv_event_send     lv_obj.o
    0x0800abc2   0x0800abc2   0x00000002   PAD
    0x0800abc4   0x0800abc4   0x00000074   Code   RO         6951    i.lv_event_send_func  lv_obj.o
    0x0800ac38   0x0800ac38   0x00000094   Code   RO         8619    i.lv_font_get_bitmap_fmt_txt  lv_font_fmt_txt.o
    0x0800accc   0x0800accc   0x00000004   Code   RO         8568    i.lv_font_get_glyph_bitmap  lv_font.o
    0x0800acd0   0x0800acd0   0x0000000a   Code   RO         8569    i.lv_font_get_glyph_dsc  lv_font.o
    0x0800acda   0x0800acda   0x00000068   Code   RO         8620    i.lv_font_get_glyph_dsc_fmt_txt  lv_font_fmt_txt.o
    0x0800ad42   0x0800ad42   0x00000016   Code   RO         8570    i.lv_font_get_glyph_width  lv_font.o
    0x0800ad58   0x0800ad58   0x00000054   Code   RO         6513    i.lv_group_add_obj  lv_group.o
    0x0800adac   0x0800adac   0x00000010   Code   RO         6517    i.lv_group_focus_next  lv_group.o
    0x0800adbc   0x0800adbc   0x00000010   Code   RO         6519    i.lv_group_focus_prev  lv_group.o
    0x0800adcc   0x0800adcc   0x0000000e   Code   RO         6523    i.lv_group_get_focused  lv_group.o
    0x0800adda   0x0800adda   0x00000002   PAD
    0x0800addc   0x0800addc   0x0000000c   Code   RO         6527    i.lv_group_init     lv_group.o
    0x0800ade8   0x0800ade8   0x00000026   Code   RO         6528    i.lv_group_mod_style  lv_group.o
    0x0800ae0e   0x0800ae0e   0x00000030   Code   RO         6529    i.lv_group_refocus  lv_group.o
    0x0800ae3e   0x0800ae3e   0x0000007c   Code   RO         6531    i.lv_group_remove_obj  lv_group.o
    0x0800aeba   0x0800aeba   0x00000002   PAD
    0x0800aebc   0x0800aebc   0x00000054   Code   RO         8355    i.lv_img_cache_invalidate_src  lv_img_cache.o
    0x0800af10   0x0800af10   0x00000120   Code   RO         8356    i.lv_img_cache_open  lv_img_cache.o
    0x0800b030   0x0800b030   0x00000068   Code   RO         8357    i.lv_img_cache_set_size  lv_img_cache.o
    0x0800b098   0x0800b098   0x00000034   Code   RO         8050    i.lv_img_color_format_get_px_size  lv_draw_img.o
    0x0800b0cc   0x0800b0cc   0x00000020   Code   RO         8051    i.lv_img_color_format_has_alpha  lv_draw_img.o
    0x0800b0ec   0x0800b0ec   0x0000001a   Code   RO         8052    i.lv_img_color_format_is_chroma_keyed  lv_draw_img.o
    0x0800b106   0x0800b106   0x00000002   PAD
    0x0800b108   0x0800b108   0x000000c8   Code   RO        12561    i.lv_img_create     lv_img.o
    0x0800b1d0   0x0800b1d0   0x00000026   Code   RO         8422    i.lv_img_decoder_built_in_close  lv_img_decoder.o
    0x0800b1f6   0x0800b1f6   0x0000005e   Code   RO         8423    i.lv_img_decoder_built_in_info  lv_img_decoder.o
    0x0800b254   0x0800b254   0x00000168   Code   RO         8424    i.lv_img_decoder_built_in_line_alpha  lv_img_decoder.o
    0x0800b3bc   0x0800b3bc   0x00000122   Code   RO         8425    i.lv_img_decoder_built_in_line_indexed  lv_img_decoder.o
    0x0800b4de   0x0800b4de   0x00000002   PAD
    0x0800b4e0   0x0800b4e0   0x000000fa   Code   RO         8426    i.lv_img_decoder_built_in_open  lv_img_decoder.o
    0x0800b5da   0x0800b5da   0x0000005e   Code   RO         8427    i.lv_img_decoder_built_in_read_line  lv_img_decoder.o
    0x0800b638   0x0800b638   0x00000024   Code   RO         8428    i.lv_img_decoder_close  lv_img_decoder.o
    0x0800b65c   0x0800b65c   0x0000001c   Code   RO         8429    i.lv_img_decoder_create  lv_img_decoder.o
    0x0800b678   0x0800b678   0x00000044   Code   RO         8431    i.lv_img_decoder_get_info  lv_img_decoder.o
    0x0800b6bc   0x0800b6bc   0x00000038   Code   RO         8432    i.lv_img_decoder_init  lv_img_decoder.o
    0x0800b6f4   0x0800b6f4   0x0000008c   Code   RO         8433    i.lv_img_decoder_open  lv_img_decoder.o
    0x0800b780   0x0800b780   0x00000026   Code   RO         8434    i.lv_img_decoder_read_line  lv_img_decoder.o
    0x0800b7a6   0x0800b7a6   0x00000168   Code   RO        12562    i.lv_img_design     lv_img.o
    0x0800b90e   0x0800b90e   0x00000002   PAD
    0x0800b910   0x0800b910   0x00000154   Code   RO         8053    i.lv_img_draw_core  lv_draw_img.o
    0x0800ba64   0x0800ba64   0x0000000e   Code   RO        12563    i.lv_img_get_auto_size  lv_img.o
    0x0800ba72   0x0800ba72   0x0000011c   Code   RO        12571    i.lv_img_set_src    lv_img.o
    0x0800bb8e   0x0800bb8e   0x00000002   PAD
    0x0800bb90   0x0800bb90   0x0000007c   Code   RO        12572    i.lv_img_signal     lv_img.o
    0x0800bc0c   0x0800bc0c   0x00000022   Code   RO         8054    i.lv_img_src_get_type  lv_draw_img.o
    0x0800bc2e   0x0800bc2e   0x00000002   PAD
    0x0800bc30   0x0800bc30   0x0000000c   Code   RO         6785    i.lv_indev_get_act  lv_indev.o
    0x0800bc3c   0x0800bc3c   0x00000014   Code   RO         9406    i.lv_indev_get_next  lv_hal_indev.o
    0x0800bc50   0x0800bc50   0x0000000c   Code   RO         6787    i.lv_indev_get_obj_act  lv_indev.o
    0x0800bc5c   0x0800bc5c   0x00000006   Code   RO         6792    i.lv_indev_init     lv_indev.o
    0x0800bc62   0x0800bc62   0x00000026   Code   RO         6795    i.lv_indev_reset    lv_indev.o
    0x0800bc88   0x0800bc88   0x00000054   Code   RO         6952    i.lv_init           lv_obj.o
    0x0800bcdc   0x0800bcdc   0x000000aa   Code   RO         7591    i.lv_inv_area       lv_refr.o
    0x0800bd86   0x0800bd86   0x00000002   PAD
    0x0800bd88   0x0800bd88   0x0000016c   Code   RO        12841    i.lv_label_create   lv_label.o
    0x0800bef4   0x0800bef4   0x00000208   Code   RO        12843    i.lv_label_design   lv_label.o
    0x0800c0fc   0x0800c0fc   0x00000024   Code   RO        12844    i.lv_label_dot_tmp_free  lv_label.o
    0x0800c120   0x0800c120   0x00000014   Code   RO        12845    i.lv_label_get_align  lv_label.o
    0x0800c134   0x0800c134   0x0000000e   Code   RO        12847    i.lv_label_get_body_draw  lv_label.o
    0x0800c142   0x0800c142   0x00000002   PAD
    0x0800c144   0x0800c144   0x000001c8   Code   RO        12848    i.lv_label_get_letter_on  lv_label.o
    0x0800c30c   0x0800c30c   0x0000000e   Code   RO        12850    i.lv_label_get_long_mode  lv_label.o
    0x0800c31a   0x0800c31a   0x0000000e   Code   RO        12851    i.lv_label_get_recolor  lv_label.o
    0x0800c328   0x0800c328   0x0000000a   Code   RO        12852    i.lv_label_get_text  lv_label.o
    0x0800c332   0x0800c332   0x00000002   PAD
    0x0800c334   0x0800c334   0x000003a8   Code   RO        12857    i.lv_label_refr_text  lv_label.o
    0x0800c6dc   0x0800c6dc   0x0000006c   Code   RO        12858    i.lv_label_revert_dots  lv_label.o
    0x0800c748   0x0800c748   0x00000026   Code   RO        12859    i.lv_label_set_align  lv_label.o
    0x0800c76e   0x0800c76e   0x0000002c   Code   RO        12862    i.lv_label_set_body_draw  lv_label.o
    0x0800c79a   0x0800c79a   0x00000056   Code   RO        12863    i.lv_label_set_dot_tmp  lv_label.o
    0x0800c7f0   0x0800c7f0   0x0000008c   Code   RO        12864    i.lv_label_set_long_mode  lv_label.o
    0x0800c87c   0x0800c87c   0x00000016   Code   RO        12865    i.lv_label_set_offset_x  lv_label.o
    0x0800c892   0x0800c892   0x00000016   Code   RO        12866    i.lv_label_set_offset_y  lv_label.o
    0x0800c8a8   0x0800c8a8   0x00000026   Code   RO        12867    i.lv_label_set_recolor  lv_label.o
    0x0800c8ce   0x0800c8ce   0x00000034   Code   RO        12868    i.lv_label_set_static_text  lv_label.o
    0x0800c902   0x0800c902   0x00000072   Code   RO        12869    i.lv_label_set_text  lv_label.o
    0x0800c974   0x0800c974   0x0000006c   Code   RO        12870    i.lv_label_set_text_fmt  lv_label.o
    0x0800c9e0   0x0800c9e0   0x000000ec   Code   RO        12873    i.lv_label_signal   lv_label.o
    0x0800cacc   0x0800cacc   0x00000090   Code   RO        13052    i.lv_led_create     lv_led.o
    0x0800cb5c   0x0800cb5c   0x000000c0   Code   RO        13053    i.lv_led_design     lv_led.o
    0x0800cc1c   0x0800cc1c   0x0000000a   Code   RO        13054    i.lv_led_get_bright  lv_led.o
    0x0800cc26   0x0800cc26   0x00000006   Code   RO        13055    i.lv_led_off        lv_led.o
    0x0800cc2c   0x0800cc2c   0x00000006   Code   RO        13056    i.lv_led_on         lv_led.o
    0x0800cc32   0x0800cc32   0x0000001e   Code   RO        13057    i.lv_led_set_bright  lv_led.o
    0x0800cc50   0x0800cc50   0x0000003c   Code   RO        13058    i.lv_led_signal     lv_led.o
    0x0800cc8c   0x0800cc8c   0x0000001e   Code   RO        13059    i.lv_led_toggle     lv_led.o
    0x0800ccaa   0x0800ccaa   0x00000068   Code   RO        10001    i.lv_ll_chg_list    lv_ll.o
    0x0800cd12   0x0800cd12   0x0000000a   Code   RO        10003    i.lv_ll_get_head    lv_ll.o
    0x0800cd1c   0x0800cd1c   0x00000010   Code   RO        10005    i.lv_ll_get_next    lv_ll.o
    0x0800cd2c   0x0800cd2c   0x0000000e   Code   RO        10006    i.lv_ll_get_prev    lv_ll.o
    0x0800cd3a   0x0800cd3a   0x0000000a   Code   RO        10007    i.lv_ll_get_tail    lv_ll.o
    0x0800cd44   0x0800cd44   0x00000014   Code   RO        10008    i.lv_ll_init        lv_ll.o
    0x0800cd58   0x0800cd58   0x0000003c   Code   RO        10009    i.lv_ll_ins_head    lv_ll.o
    0x0800cd94   0x0800cd94   0x00000066   Code   RO        10010    i.lv_ll_ins_prev    lv_ll.o
    0x0800cdfa   0x0800cdfa   0x00000042   Code   RO        10011    i.lv_ll_ins_tail    lv_ll.o
    0x0800ce3c   0x0800ce3c   0x00000012   Code   RO        10012    i.lv_ll_is_empty    lv_ll.o
    0x0800ce4e   0x0800ce4e   0x00000060   Code   RO        10013    i.lv_ll_move_before  lv_ll.o
    0x0800ceae   0x0800ceae   0x00000076   Code   RO        10014    i.lv_ll_rem         lv_ll.o
    0x0800cf24   0x0800cf24   0x00000054   Code   RO        10141    i.lv_mem_alloc      lv_mem.o
    0x0800cf78   0x0800cf78   0x00000040   Code   RO        10144    i.lv_mem_free       lv_mem.o
    0x0800cfb8   0x0800cfb8   0x0000001c   Code   RO        10145    i.lv_mem_get_size   lv_mem.o
    0x0800cfd4   0x0800cfd4   0x00000020   Code   RO        10146    i.lv_mem_init       lv_mem.o
    0x0800cff4   0x0800cff4   0x00000054   Code   RO        10148    i.lv_mem_realloc    lv_mem.o
    0x0800d048   0x0800d048   0x0000003a   Code   RO        15617    i.lv_obj_add_anim   page_dialplate.o
    0x0800d082   0x0800d082   0x0000020c   Code   RO         6953    i.lv_obj_align      lv_obj.o
    0x0800d28e   0x0800d28e   0x00000118   Code   RO         6954    i.lv_obj_align_origo  lv_obj.o
    0x0800d3a6   0x0800d3a6   0x0000000e   Code   RO         6955    i.lv_obj_allocate_ext_attr  lv_obj.o
    0x0800d3b4   0x0800d3b4   0x00000026   Code   RO         6956    i.lv_obj_clean      lv_obj.o
    0x0800d3da   0x0800d3da   0x0000000a   Code   RO         6957    i.lv_obj_clear_protect  lv_obj.o
    0x0800d3e4   0x0800d3e4   0x00000234   Code   RO         6960    i.lv_obj_create     lv_obj.o
    0x0800d618   0x0800d618   0x000000d4   Code   RO         6961    i.lv_obj_del        lv_obj.o
    0x0800d6ec   0x0800d6ec   0x000000a8   Code   RO         6964    i.lv_obj_design     lv_obj.o
    0x0800d794   0x0800d794   0x0000000a   Code   RO         6965    i.lv_obj_get_auto_realign  lv_obj.o
    0x0800d79e   0x0800d79e   0x00000004   Code   RO         6966    i.lv_obj_get_base_dir  lv_obj.o
    0x0800d7a2   0x0800d7a2   0x0000000e   Code   RO         6967    i.lv_obj_get_child  lv_obj.o
    0x0800d7b0   0x0800d7b0   0x0000000a   Code   RO         6970    i.lv_obj_get_coords  lv_obj.o
    0x0800d7ba   0x0800d7ba   0x00000004   Code   RO         6971    i.lv_obj_get_design_cb  lv_obj.o
    0x0800d7be   0x0800d7be   0x00000002   PAD
    0x0800d7c0   0x0800d7c0   0x00000044   Code   RO         6972    i.lv_obj_get_disp   lv_obj.o
    0x0800d804   0x0800d804   0x00000004   Code   RO         6978    i.lv_obj_get_ext_attr  lv_obj.o
    0x0800d808   0x0800d808   0x00000004   Code   RO         6984    i.lv_obj_get_group  lv_obj.o
    0x0800d80c   0x0800d80c   0x0000000c   Code   RO         6985    i.lv_obj_get_height  lv_obj.o
    0x0800d818   0x0800d818   0x0000000a   Code   RO         6987    i.lv_obj_get_hidden  lv_obj.o
    0x0800d822   0x0800d822   0x00000002   PAD
    0x0800d824   0x0800d824   0x0000001c   Code   RO         6989    i.lv_obj_get_opa_scale  lv_obj.o
    0x0800d840   0x0800d840   0x00000004   Code   RO         6991    i.lv_obj_get_parent  lv_obj.o
    0x0800d844   0x0800d844   0x0000000c   Code   RO         6994    i.lv_obj_get_screen  lv_obj.o
    0x0800d850   0x0800d850   0x00000004   Code   RO         6995    i.lv_obj_get_signal_cb  lv_obj.o
    0x0800d854   0x0800d854   0x0000005c   Code   RO         6996    i.lv_obj_get_style  lv_obj.o
    0x0800d8b0   0x0800d8b0   0x0000000c   Code   RO         6999    i.lv_obj_get_width  lv_obj.o
    0x0800d8bc   0x0800d8bc   0x0000001c   Code   RO         7000    i.lv_obj_get_width_fit  lv_obj.o
    0x0800d8d8   0x0800d8d8   0x00000012   Code   RO         7001    i.lv_obj_get_x      lv_obj.o
    0x0800d8ea   0x0800d8ea   0x00000012   Code   RO         7002    i.lv_obj_get_y      lv_obj.o
    0x0800d8fc   0x0800d8fc   0x0000001a   Code   RO         7003    i.lv_obj_handle_get_type_signal  lv_obj.o
    0x0800d916   0x0800d916   0x0000003c   Code   RO         7004    i.lv_obj_invalidate  lv_obj.o
    0x0800d952   0x0800d952   0x000000ac   Code   RO         7005    i.lv_obj_invalidate_area  lv_obj.o
    0x0800d9fe   0x0800d9fe   0x00000018   Code   RO         7006    i.lv_obj_is_focused  lv_obj.o
    0x0800da16   0x0800da16   0x0000000c   Code   RO         7007    i.lv_obj_is_protected  lv_obj.o
    0x0800da22   0x0800da22   0x00000038   Code   RO         7009    i.lv_obj_move_foreground  lv_obj.o
    0x0800da5a   0x0800da5a   0x00000026   Code   RO         7010    i.lv_obj_realign    lv_obj.o
    0x0800da80   0x0800da80   0x0000001c   Code   RO         7011    i.lv_obj_refresh_ext_draw_pad  lv_obj.o
    0x0800da9c   0x0800da9c   0x0000001c   Code   RO         7012    i.lv_obj_refresh_style  lv_obj.o
    0x0800dab8   0x0800dab8   0x0000000c   Code   RO         7014    i.lv_obj_set_auto_realign  lv_obj.o
    0x0800dac4   0x0800dac4   0x0000000c   Code   RO         7016    i.lv_obj_set_click  lv_obj.o
    0x0800dad0   0x0800dad0   0x00000004   Code   RO         7017    i.lv_obj_set_design_cb  lv_obj.o
    0x0800dad4   0x0800dad4   0x00000016   Code   RO         7024    i.lv_obj_set_height  lv_obj.o
    0x0800daea   0x0800daea   0x00000074   Code   RO         7030    i.lv_obj_set_pos    lv_obj.o
    0x0800db5e   0x0800db5e   0x0000000a   Code   RO         7031    i.lv_obj_set_protect  lv_obj.o
    0x0800db68   0x0800db68   0x00000004   Code   RO         7032    i.lv_obj_set_signal_cb  lv_obj.o
    0x0800db6c   0x0800db6c   0x00000080   Code   RO         7033    i.lv_obj_set_size   lv_obj.o
    0x0800dbec   0x0800dbec   0x00000014   Code   RO         7034    i.lv_obj_set_style  lv_obj.o
    0x0800dc00   0x0800dc00   0x00000018   Code   RO         7037    i.lv_obj_set_x      lv_obj.o
    0x0800dc18   0x0800dc18   0x00000016   Code   RO         7038    i.lv_obj_set_y      lv_obj.o
    0x0800dc2e   0x0800dc2e   0x00000002   PAD
    0x0800dc30   0x0800dc30   0x00000054   Code   RO         7039    i.lv_obj_signal     lv_obj.o
    0x0800dc84   0x0800dc84   0x0000003c   Code   RO        15562    i.lv_port_disp_init  lv_port_disp.o
    0x0800dcc0   0x0800dcc0   0x00000134   Code   RO         7592    i.lv_refr_area      lv_refr.o
    0x0800ddf4   0x0800ddf4   0x00000068   Code   RO         7593    i.lv_refr_area_part  lv_refr.o
    0x0800de5c   0x0800de5c   0x0000004c   Code   RO         7594    i.lv_refr_areas     lv_refr.o
    0x0800dea8   0x0800dea8   0x0000000c   Code   RO         7595    i.lv_refr_get_disp_refreshing  lv_refr.o
    0x0800deb4   0x0800deb4   0x00000064   Code   RO         7596    i.lv_refr_get_top_obj  lv_refr.o
    0x0800df18   0x0800df18   0x00000002   Code   RO         7597    i.lv_refr_init      lv_refr.o
    0x0800df1a   0x0800df1a   0x00000002   PAD
    0x0800df1c   0x0800df1c   0x000000c4   Code   RO         7598    i.lv_refr_join_area  lv_refr.o
    0x0800dfe0   0x0800dfe0   0x000000d4   Code   RO         7600    i.lv_refr_obj       lv_refr.o
    0x0800e0b4   0x0800e0b4   0x0000004c   Code   RO         7601    i.lv_refr_obj_and_children  lv_refr.o
    0x0800e100   0x0800e100   0x00000050   Code   RO         7603    i.lv_refr_vdb_flush  lv_refr.o
    0x0800e150   0x0800e150   0x0000000e   Code   RO        15618    i.lv_scr_act        page_dialplate.o
    0x0800e15e   0x0800e15e   0x00000006   Code   RO         7691    i.lv_style_copy     lv_style.o
    0x0800e164   0x0800e164   0x000004e4   Code   RO         7692    i.lv_style_init     lv_style.o
    0x0800e648   0x0800e648   0x0000001c   Code   RO        10286    i.lv_task_core_init  lv_task.o
    0x0800e664   0x0800e664   0x00000026   Code   RO        10287    i.lv_task_create    lv_task.o
    0x0800e68a   0x0800e68a   0x00000002   PAD
    0x0800e68c   0x0800e68c   0x00000078   Code   RO        10288    i.lv_task_create_basic  lv_task.o
    0x0800e704   0x0800e704   0x00000030   Code   RO        10289    i.lv_task_del       lv_task.o
    0x0800e734   0x0800e734   0x00000044   Code   RO        10291    i.lv_task_exec      lv_task.o
    0x0800e778   0x0800e778   0x000000dc   Code   RO        10293    i.lv_task_handler   lv_task.o
    0x0800e854   0x0800e854   0x00000012   Code   RO        10295    i.lv_task_ready     lv_task.o
    0x0800e866   0x0800e866   0x00000002   PAD
    0x0800e868   0x0800e868   0x00000058   Code   RO        10299    i.lv_task_set_prio  lv_task.o
    0x0800e8c0   0x0800e8c0   0x0000000c   Code   RO        15371    i.lv_theme_get_current  lv_theme.o
    0x0800e8cc   0x0800e8cc   0x0000000c   Code   RO         9507    i.lv_tick_elaps     lv_hal_tick.o
    0x0800e8d8   0x0800e8d8   0x00000004   Code   RO         9508    i.lv_tick_get       lv_hal_tick.o
    0x0800e8dc   0x0800e8dc   0x00000014   Code   RO         9509    i.lv_tick_inc       lv_hal_tick.o
    0x0800e8f0   0x0800e8f0   0x000000b8   Code   RO        10409    i.lv_txt_get_next_line  lv_txt.o
    0x0800e9a8   0x0800e9a8   0x00000158   Code   RO        10410    i.lv_txt_get_next_word  lv_txt.o
    0x0800eb00   0x0800eb00   0x000000ba   Code   RO        10411    i.lv_txt_get_size   lv_txt.o
    0x0800ebba   0x0800ebba   0x00000002   PAD
    0x0800ebbc   0x0800ebbc   0x00000088   Code   RO        10412    i.lv_txt_get_width  lv_txt.o
    0x0800ec44   0x0800ec44   0x00000036   Code   RO        10414    i.lv_txt_is_cmd     lv_txt.o
    0x0800ec7a   0x0800ec7a   0x00000002   PAD
    0x0800ec7c   0x0800ec7c   0x00000030   Code   RO        10417    i.lv_txt_utf8_get_byte_id  lv_txt.o
    0x0800ecac   0x0800ecac   0x00000028   Code   RO        10418    i.lv_txt_utf8_get_char_id  lv_txt.o
    0x0800ecd4   0x0800ecd4   0x00000028   Code   RO        10419    i.lv_txt_utf8_get_length  lv_txt.o
    0x0800ecfc   0x0800ecfc   0x0000008a   Code   RO        10420    i.lv_txt_utf8_next  lv_txt.o
    0x0800ed86   0x0800ed86   0x00000002   PAD
    0x0800ed88   0x0800ed88   0x00000048   Code   RO        10421    i.lv_txt_utf8_prev  lv_txt.o
    0x0800edd0   0x0800edd0   0x00000032   Code   RO        10422    i.lv_txt_utf8_size  lv_txt.o
    0x0800ee02   0x0800ee02   0x00000002   PAD
    0x0800ee04   0x0800ee04   0x0000004c   Code   RO        10508    i.lv_utils_bsearch  lv_utils.o
    0x0800ee50   0x0800ee50   0x00000018   Code   RO        10218    i.lv_vsnprintf      lv_printf.o
    0x0800ee68   0x0800ee68   0x00000164   Code   RO         1493    i.main              main.o
    0x0800efcc   0x0800efcc   0x00000100   Code   RO          668    i.mcu_common_uart_data_unpack  mcu_api.o
    0x0800f0cc   0x0800f0cc   0x00000040   Code   RO          672    i.mcu_dp_raw_update  mcu_api.o
    0x0800f10c   0x0800f10c   0x00000054   Code   RO          674    i.mcu_dp_value_update  mcu_api.o
    0x0800f160   0x0800f160   0x000000c4   Code   RO         1086    i.mcu_ota_data_req  mcu_ota_handler.o
    0x0800f224   0x0800f224   0x00000180   Code   RO         1087    i.mcu_ota_file_info_req  mcu_ota_handler.o
    0x0800f3a4   0x0800f3a4   0x00000014   Code   RO         1088    i.mcu_ota_init      mcu_ota_handler.o
    0x0800f3b8   0x0800f3b8   0x00000018   Code   RO         1089    i.mcu_ota_init_disconnect  mcu_ota_handler.o
    0x0800f3d0   0x0800f3d0   0x00000068   Code   RO         1090    i.mcu_ota_offset_req  mcu_ota_handler.o
    0x0800f438   0x0800f438   0x0000008c   Code   RO         1091    i.mcu_ota_proc      mcu_ota_handler.o
    0x0800f4c4   0x0800f4c4   0x00000054   Code   RO         2379    i.module_pwr_enter_stop_mode  lpmode.o
    0x0800f518   0x0800f518   0x00000038   Code   RO         2380    i.module_pwr_stop_mode_wake  lpmode.o
    0x0800f550   0x0800f550   0x000000b4   Code   RO         1916    i.my_adc_read       adc.o
    0x0800f604   0x0800f604   0x0000007e   Code   RO          681    i.my_atoll          mcu_api.o
    0x0800f682   0x0800f682   0x00000002   PAD
    0x0800f684   0x0800f684   0x00000074   Code   RO         1412    i.my_button_init    my_multi_button.o
    0x0800f6f8   0x0800f6f8   0x00000020   Code   RO          682    i.my_memcmp         mcu_api.o
    0x0800f718   0x0800f718   0x0000003c   Code   RO          683    i.my_memcpy         mcu_api.o
    0x0800f754   0x0800f754   0x00000014   Code   RO          684    i.my_memset         mcu_api.o
    0x0800f768   0x0800f768   0x00000016   Code   RO          685    i.my_strlen         mcu_api.o
    0x0800f77e   0x0800f77e   0x00000022   Code   RO        10015    i.node_set_next     lv_ll.o
    0x0800f7a0   0x0800f7a0   0x00000020   Code   RO        10016    i.node_set_prev     lv_ll.o
    0x0800f7c0   0x0800f7c0   0x0000002a   Code   RO         6541    i.obj_to_foreground  lv_group.o
    0x0800f7ea   0x0800f7ea   0x00000002   PAD
    0x0800f7ec   0x0800f7ec   0x00000094   Code   RO         1094    i.on_data_write_request_sched  mcu_ota_handler.o
    0x0800f880   0x0800f880   0x00000010   Code   RO         1413    i.read_button1_GPIO  my_multi_button.o
    0x0800f890   0x0800f890   0x0000000c   Code   RO         1414    i.read_button2_GPIO  my_multi_button.o
    0x0800f89c   0x0800f89c   0x000000b0   Code   RO          475    i.read_calibration_data  bmp280.o
    0x0800f94c   0x0800f94c   0x0000002a   Code   RO          476    i.read_data         bmp280.o
    0x0800f976   0x0800f976   0x00000078   Code   RO          477    i.read_hum_calibration_data  bmp280.o
    0x0800f9ee   0x0800f9ee   0x00000038   Code   RO          478    i.read_register16   bmp280.o
    0x0800fa26   0x0800fa26   0x00000044   Code   RO         7041    i.refresh_children_position  lv_obj.o
    0x0800fa6a   0x0800fa6a   0x00000034   Code   RO         7042    i.refresh_children_style  lv_obj.o
    0x0800fa9e   0x0800fa9e   0x00000002   PAD
    0x0800faa0   0x0800faa0   0x000000a4   Code   RO         8621    i.rle_next          lv_font_fmt_txt.o
    0x0800fb44   0x0800fb44   0x0000004c   Code   RO         2032    i.set_alarm         rtc.o
    0x0800fb90   0x0800fb90   0x0000001c   Code   RO         1016    i.set_bt_uart_buffer  system.o
    0x0800fbac   0x0800fbac   0x00000010   Code   RO         1017    i.set_bt_uart_byte  system.o
    0x0800fbbc   0x0800fbbc   0x00000070   Code   RO         2033    i.set_time          rtc.o
    0x0800fc2c   0x0800fc2c   0x0000013a   Code   RO         7961    i.sw_color_fill     lv_draw_basic.o
    0x0800fd66   0x0800fd66   0x00000002   PAD
    0x0800fd68   0x0800fd68   0x00000040   Code   RO          686    i.uart_receive_input  mcu_api.o
    0x0800fda8   0x0800fda8   0x00000018   Code   RO          866    i.uart_transmit_output  protocol.o
    0x0800fdc0   0x0800fdc0   0x00000008   Code   RO         8622    i.unicode_list_compare  lv_font_fmt_txt.o
    0x0800fdc8   0x0800fdc8   0x0000002e   Code   RO          479    i.write_register8   bmp280.o
    0x0800fdf6   0x0800fdf6   0x00000008   Data   RO          867    .constdata          protocol.o
    0x0800fdfe   0x0800fdfe   0x00000002   PAD
    0x0800fe00   0x0800fe00   0x0000000e   Data   RO         1019    .constdata          system.o
    0x0800fe0e   0x0800fe0e   0x00000075   Data   RO         1267    .constdata          st7735.o
    0x0800fe83   0x0800fe83   0x00000008   Data   RO         3225    .constdata          stm32f4xx_hal_dma.o
    0x0800fe8b   0x0800fe8b   0x00000010   Data   RO         6307    .constdata          system_stm32f4xx.o
    0x0800fe9b   0x0800fe9b   0x00000008   Data   RO         6308    .constdata          system_stm32f4xx.o
    0x0800fea3   0x0800fea3   0x00000001   PAD
    0x0800fea4   0x0800fea4   0x00000016   Data   RO         7697    .constdata          lv_style.o
    0x0800feba   0x0800feba   0x00000001   Data   RO         7767    .constdata          lv_draw.o
    0x0800febb   0x0800febb   0x00000002   Data   RO         7768    .constdata          lv_draw.o
    0x0800febd   0x0800febd   0x00000003   Data   RO         7769    .constdata          lv_draw.o
    0x0800fec0   0x0800fec0   0x00000004   Data   RO         7770    .constdata          lv_draw.o
    0x0800fec4   0x0800fec4   0x00000005   Data   RO         7771    .constdata          lv_draw.o
    0x0800fec9   0x0800fec9   0x00000006   Data   RO         7772    .constdata          lv_draw.o
    0x0800fecf   0x0800fecf   0x00000007   Data   RO         7773    .constdata          lv_draw.o
    0x0800fed6   0x0800fed6   0x00000008   Data   RO         7774    .constdata          lv_draw.o
    0x0800fede   0x0800fede   0x00000011   Data   RO         8239    .constdata          lv_draw_rect.o
    0x0800feef   0x0800feef   0x000027c7   Data   RO         9043    .constdata          lv_font_roboto_16.o
    0x080126b6   0x080126b6   0x00000002   PAD
    0x080126b8   0x080126b8   0x000004c8   Data   RO         9044    .constdata          lv_font_roboto_16.o
    0x08012b80   0x08012b80   0x00000072   Data   RO         9045    .constdata          lv_font_roboto_16.o
    0x08012bf2   0x08012bf2   0x00000002   PAD
    0x08012bf4   0x08012bf4   0x00000028   Data   RO         9046    .constdata          lv_font_roboto_16.o
    0x08012c1c   0x08012c1c   0x00000099   Data   RO         9047    .constdata          lv_font_roboto_16.o
    0x08012cb5   0x08012cb5   0x00000099   Data   RO         9048    .constdata          lv_font_roboto_16.o
    0x08012d4e   0x08012d4e   0x00000578   Data   RO         9049    .constdata          lv_font_roboto_16.o
    0x080132c6   0x080132c6   0x00000002   PAD
    0x080132c8   0x080132c8   0x00000010   Data   RO         9050    .constdata          lv_font_roboto_16.o
    0x080132d8   0x080132d8   0x00000002   Data   RO         9235    .constdata          lv_hal_disp.o
    0x080132da   0x080132da   0x00000006   PAD
    0x080132e0   0x080132e0   0x00000050   Data   RO        10219    .constdata          lv_printf.o
    0x08013330   0x08013330   0x0000004c   Data   RO        15620    .constdata          page_dialplate.o
    0x0801337c   0x0801337c   0x0000157f   Data   RO        15779    .constdata          morganite_100.o
    0x080148fb   0x080148fb   0x00000001   PAD
    0x080148fc   0x080148fc   0x00000060   Data   RO        15780    .constdata          morganite_100.o
    0x0801495c   0x0801495c   0x00000014   Data   RO        15781    .constdata          morganite_100.o
    0x08014970   0x08014970   0x0000346a   Data   RO        15847    .constdata          segoe_20.o
    0x08017dda   0x08017dda   0x00000002   PAD
    0x08017ddc   0x08017ddc   0x00000308   Data   RO        15848    .constdata          segoe_20.o
    0x080180e4   0x080180e4   0x000000c4   Data   RO        15849    .constdata          segoe_20.o
    0x080181a8   0x080181a8   0x00000014   Data   RO        15850    .constdata          segoe_20.o
    0x080181bc   0x080181bc   0x00009c40   Data   RO        15873    .constdata          myimgbg.o
    0x08021dfc   0x08021dfc   0x0000000c   Data   RO        15874    .constdata          myimgbg.o
    0x08021e08   0x08021e08   0x00000081   Data   RO        15891    .constdata          mc_w.l(ctype_o.o)
    0x08021e89   0x08021e89   0x00000003   PAD
    0x08021e8c   0x08021e8c   0x00000004   Data   RO        15892    .constdata          mc_w.l(ctype_o.o)
    0x08021e90   0x08021e90   0x00000030   Data   RO        15621    .conststring        page_dialplate.o
    0x08021ec0   0x08021ec0   0x00000020   Data   RO        16251    Region$$Table       anon$$obj.o


    Execution Region RW_IRAM1 (Exec base: 0x20000000, Load base: 0x08021ee0, Size: 0x00011b90, Max: 0x00020000, ABSOLUTE, COMPRESSED[0x000000a0])

    Exec Addr    Load Addr    Size         Type   Attr      Idx    E Section Name        Object

    0x20000000   COMPRESSED   0x0000000c   Data   RW           15    .data               controltask.o
    0x2000000c   COMPRESSED   0x0000000b   Data   RW          687    .data               mcu_api.o
    0x20000017   COMPRESSED   0x00000001   PAD
    0x20000018   COMPRESSED   0x0000000c   Data   RW         1020    .data               system.o
    0x20000024   COMPRESSED   0x00000001   Data   RW         1021    .data               system.o
    0x20000025   COMPRESSED   0x00000003   PAD
    0x20000028   COMPRESSED   0x00000010   Data   RW         1096    .data               mcu_ota_handler.o
    0x20000038   COMPRESSED   0x00000004   Data   RW         1356    .data               multi_button.o
    0x2000003c   COMPRESSED   0x00000002   Data   RW         1417    .data               my_multi_button.o
    0x2000003e   COMPRESSED   0x00000001   Data   RW         1502    .data               main.o
    0x2000003f   COMPRESSED   0x00000001   Data   RW         1503    .data               main.o
    0x20000040   COMPRESSED   0x00000001   Data   RW         1504    .data               main.o
    0x20000041   COMPRESSED   0x00000003   PAD
    0x20000044   COMPRESSED   0x00000014   Data   RW         1505    .data               main.o
    0x20000058   COMPRESSED   0x00000010   Data   RW         1918    .data               adc.o
    0x20000068   COMPRESSED   0x0000000c   Data   RW         3676    .data               stm32f4xx_hal.o
    0x20000074   COMPRESSED   0x00000004   Data   RW         6309    .data               system_stm32f4xx.o
    0x20000078   COMPRESSED   0x00000008   Data   RW         6801    .data               lv_indev.o
    0x20000080   COMPRESSED   0x0000000c   Data   RW         7044    .data               lv_obj.o
    0x2000008c   COMPRESSED   0x00000008   Data   RW         7604    .data               lv_refr.o
    0x20000094   COMPRESSED   0x00000024   Data   RW         7775    .data               lv_draw.o
    0x200000b8   COMPRESSED   0x00000002   Data   RW         8358    .data               lv_img_cache.o
    0x200000ba   COMPRESSED   0x00000002   PAD
    0x200000bc   COMPRESSED   0x00000010   Data   RW         8623    .data               lv_font_fmt_txt.o
    0x200000cc   COMPRESSED   0x0000001c   Data   RW         9051    .data               lv_font_roboto_16.o
    0x200000e8   COMPRESSED   0x00000010   Data   RW         9052    .data               lv_font_roboto_16.o
    0x200000f8   COMPRESSED   0x00000004   Data   RW         9236    .data               lv_hal_disp.o
    0x200000fc   COMPRESSED   0x00000008   Data   RW         9510    .data               lv_hal_tick.o
    0x20000104   COMPRESSED   0x00000008   Data   RW         9566    .data               lv_anim.o
    0x2000010c   COMPRESSED   0x0000000c   Data   RW         9964    .data               lv_gc.o
    0x20000118   COMPRESSED   0x00000008   Data   RW        10150    .data               lv_mem.o
    0x20000120   COMPRESSED   0x00000014   Data   RW        10300    .data               lv_task.o
    0x20000134   COMPRESSED   0x00000010   Data   RW        10423    .data               lv_txt.o
    0x20000144   COMPRESSED   0x00000004   Data   RW        10426    .data               lv_txt.o
    0x20000148   COMPRESSED   0x00000004   Data   RW        10427    .data               lv_txt.o
    0x2000014c   COMPRESSED   0x00000004   Data   RW        11926    .data               lv_cont.o
    0x20000150   COMPRESSED   0x00000004   Data   RW        12573    .data               lv_img.o
    0x20000154   COMPRESSED   0x00000004   Data   RW        12874    .data               lv_label.o
    0x20000158   COMPRESSED   0x00000008   Data   RW        13060    .data               lv_led.o
    0x20000160   COMPRESSED   0x00000004   Data   RW        15373    .data               lv_theme.o
    0x20000164   COMPRESSED   0x00000040   Data   RW        15622    .data               page_dialplate.o
    0x200001a4   COMPRESSED   0x0000001c   Data   RW        15782    .data               morganite_100.o
    0x200001c0   COMPRESSED   0x00000010   Data   RW        15783    .data               morganite_100.o
    0x200001d0   COMPRESSED   0x0000001c   Data   RW        15851    .data               segoe_20.o
    0x200001ec   COMPRESSED   0x00000010   Data   RW        15852    .data               segoe_20.o
    0x200001fc   COMPRESSED   0x00000004   Data   RW        16233    .data               mc_w.l(stdout.o)
    0x20000200        -       0x00000515   Zero   RW         1018    .bss                system.o
    0x20000715   COMPRESSED   0x00000003   PAD
    0x20000718        -       0x0000027c   Zero   RW         1095    .bss                mcu_ota_handler.o
    0x20000994        -       0x00000050   Zero   RW         1415    .bss                my_multi_button.o
    0x200009e4        -       0x0000770c   Zero   RW         1496    .bss                main.o
    0x200080f0        -       0x000000c0   Zero   RW         1917    .bss                adc.o
    0x200081b0        -       0x00000054   Zero   RW         1989    .bss                i2c.o
    0x20008204        -       0x00000034   Zero   RW         2034    .bss                rtc.o
    0x20008238        -       0x000000b8   Zero   RW         2091    .bss                spi.o
    0x200082f0        -       0x00000040   Zero   RW         2133    .bss                tim.o
    0x20008330        -       0x00000080   Zero   RW         2177    .bss                usart.o
    0x200083b0        -       0x0000030c   Zero   RW         7696    .bss                lv_style.o
    0x200086bc        -       0x00000060   Zero   RW         9963    .bss                lv_gc.o
    0x2000871c        -       0x00004000   Zero   RW        10149    .bss                lv_mem.o
    0x2000c71c        -       0x0000321c   Zero   RW        15563    .bss                lv_port_disp.o
    0x2000f938        -       0x00000258   Zero   RW        15619    .bss                page_dialplate.o
    0x2000fb90        -       0x00002000   Zero   RW            1    STACK               startup_stm32f411xe.o


==============================================================================

Image component sizes


      Code (inc. data)   RO Data    RW Data    ZI Data      Debug   Object Name

       376         44          0         16        192       2767   adc.o
      1384         20          0          0          0     474183   bmp280.o
       186         22          0         12          0     484854   controltask.o
        44          4          0          0          0        882   dma.o
       300         26          0          0          0       1135   gpio.o
       168         26          0          0         84       1889   i2c.o
       140         34          0          0          0       1229   lpmode.o
       662         60          0          8          0      13628   lv_anim.o
         0          0          0          0          0      25998   lv_arc.o
       314          0          0          0          0       6263   lv_area.o
         0          0          0          0          0       2568   lv_async.o
         0          0          0          0          0       1479   lv_bar.o
         0          0          0          0          0       7792   lv_bidi.o
         0          0          0          0          0       4038   lv_calendar.o
         0          0          0          0          0       7438   lv_canvas.o
        82          0          0          0          0       2317   lv_circ.o
      2446         26          0          4          0      24702   lv_cont.o
         0          0          0          0          0      22702   lv_debug.o
        48          0          0          0          0      23220   lv_disp.o
       132         22         36         36          0      19465   lv_draw.o
      2412         24          0          0          0      29381   lv_draw_basic.o
       572         56          0          0          0      17510   lv_draw_img.o
      1212         20          0          0          0      17946   lv_draw_label.o
      8202          4         17          0          0      30609   lv_draw_rect.o
        36          0          0          0          0       7609   lv_font.o
      1182         36          0         16          0      14725   lv_font_fmt_txt.o
         0          0          0          0          0       1820   lv_font_roboto_12.o
         0          0      13283         44          0       2336   lv_font_roboto_16.o
         0          0          0         12         96       8314   lv_gc.o
       596         20          0          0          0      25843   lv_group.o
       436         44          2          4          0      32979   lv_hal_disp.o
        20          4          0          0          0      25038   lv_hal_indev.o
        36          6          0          8          0       2652   lv_hal_tick.o
       982         28          0          4          0       6924   lv_img.o
       476         32          0          2          0      14632   lv_img_cache.o
      1492         60          0          0          0      13388   lv_img_decoder.o
        68         12          0          8          0       6275   lv_indev.o
      3392        104          0          4          0      32846   lv_label.o
       562         34          0          8          0      19107   lv_led.o
       700          0          0          0          0      10816   lv_ll.o
        78          0          0          0          0       1025   lv_math.o
       394         28          0          8      16384       6214   lv_mem.o
      3622         96          0         12          0      54726   lv_obj.o
       124         14          0          0      12828       2249   lv_port_disp.o
      3618        236         80          0          0      16959   lv_printf.o
      1604         42          0          8          0      10871   lv_refr.o
      1306         12         22          0        780      10678   lv_style.o
       628         58          0         20          0       7164   lv_task.o
        12          6          0          4          0      30025   lv_theme.o
      1292         48          0         24          0      13735   lv_txt.o
        76          0          0          0          0        983   lv_utils.o
       614        132          0         23      30476      40924   main.o
       844         60          0         11          0      14928   mcu_api.o
      1156         84          0         16        636      10182   mcu_ota_handler.o
         0          0       5619         44          0        756   morganite_100.o
       532         16          0          4          0       5297   multi_button.o
       216         54          0          2         80       4687   my_multi_button.o
         0          0      40012          0          0        682   myimgbg.o
      2656        312        124         64        600      20635   page_dialplate.o
       226         82          8          0          0      10214   protocol.o
       408         64          0          0         52       3751   rtc.o
       168          0      14410         44          0       3367   segoe_20.o
       236         30          0          0        184       1974   spi.o
       574         52        117          0          0       7502   st7735.o
        36          8        408          0       8192        880   startup_stm32f411xe.o
       208         28          0         12          0      10772   stm32f4xx_hal.o
      1096         52          0          0          0       6165   stm32f4xx_hal_adc.o
       232         14          0          0          0      34985   stm32f4xx_hal_cortex.o
       788         16          8          0          0       5007   stm32f4xx_hal_dma.o
       462         40          0          0          0       4563   stm32f4xx_hal_gpio.o
      2174         52          0          0          0      13482   stm32f4xx_hal_i2c.o
        48          6          0          0          0        962   stm32f4xx_hal_msp.o
        56         10          0          0          0        700   stm32f4xx_hal_pwr.o
      1332         76          0          0          0       5504   stm32f4xx_hal_rcc.o
       340         26          0          0          0       1492   stm32f4xx_hal_rcc_ex.o
      1386         46          0          0          0      10578   stm32f4xx_hal_rtc.o
        22          0          0          0          0       2467   stm32f4xx_hal_rtc_ex.o
       712          8          0          0          0       4658   stm32f4xx_hal_spi.o
       606         30          0          0          0       7093   stm32f4xx_hal_tim.o
         4          0          0          0          0       1741   stm32f4xx_hal_tim_ex.o
      1334         16          0          0          0      10351   stm32f4xx_hal_uart.o
       114         32          0          0          0       8408   stm32f4xx_it.o
       942         92         14         13       1301       9587   system.o
        28          6         24          4          0       1295   system_stm32f4xx.o
       112         20          0          0         64       1804   tim.o
        40          8          0          0          0       1250   uart234.o
       336         38          0          0        128       3383   usart.o

    ----------------------------------------------------------------------
     61568       2818      74234        508      72080    1875954   Object Totals
         0          0         32          0          0          0   (incl. Generated)
       118          0         18          9          3          0   (incl. Padding)

    ----------------------------------------------------------------------

      Code (inc. data)   RO Data    RW Data    ZI Data      Debug   Library Member Name

        86          0          0          0          0          0   __dczerorl2.o
         8          4        133          0          0         68   ctype_o.o
         0          0          0          0          0          0   entry.o
         0          0          0          0          0          0   entry10a.o
         0          0          0          0          0          0   entry11a.o
         8          4          0          0          0          0   entry2.o
         4          0          0          0          0          0   entry5.o
         0          0          0          0          0          0   entry7b.o
         0          0          0          0          0          0   entry8b.o
         8          4          0          0          0          0   entry9a.o
        30          0          0          0          0          0   handlers.o
        36          8          0          0          0         68   init.o
         0          0          0          0          0          0   iusefp.o
        98          0          0          0          0         84   ldiv.o
        30          0          0          0          0         68   llshl.o
        36          0          0          0          0         68   llsshr.o
        32          0          0          0          0         68   llushr.o
        26          0          0          0          0         80   memcmp.o
        36          0          0          0          0         68   memcpya.o
        36          0          0          0          0        108   memseta.o
       916         20          0          0          0        504   printf6.o
         0          0          0          4          0          0   stdout.o
        28          0          0          0          0         76   strcmp.o
        18          0          0          0          0         68   strcpy.o
        14          0          0          0          0         68   strlen.o
        44          0          0          0          0         80   uidiv.o
        98          0          0          0          0         92   uldiv.o
        48          0          0          0          0         68   cdcmple.o
        48          0          0          0          0         68   cdrcmple.o
        56          0          0          0          0         88   d2f.o
       334          0          0          0          0        148   dadd.o
       222          0          0          0          0        100   ddiv.o
       186          0          0          0          0        176   depilogue.o
        62          0          0          0          0         80   dfixi.o
        50          0          0          0          0         76   dfixui.o
        34          0          0          0          0         76   dflti.o
        26          0          0          0          0         76   dfltui.o
       228          0          0          0          0         96   dmul.o
        38          0          0          0          0         68   f2d.o
       110          0          0          0          0        168   fepilogue.o

    ----------------------------------------------------------------------
      3038         40        136          4          0       2856   Library Totals
         4          0          3          0          0          0   (incl. Padding)

    ----------------------------------------------------------------------

      Code (inc. data)   RO Data    RW Data    ZI Data      Debug   Library Name

      1592         40        133          4          0       1568   mc_w.l
      1442          0          0          0          0       1288   mf_w.l

    ----------------------------------------------------------------------
      3038         40        136          4          0       2856   Library Totals

    ----------------------------------------------------------------------

==============================================================================


      Code (inc. data)   RO Data    RW Data    ZI Data      Debug   

     64606       2858      74370        512      72080    1827086   Grand Totals
     64606       2858      74370        160      72080    1827086   ELF Image Totals (compressed)
     64606       2858      74370        160          0          0   ROM Totals

==============================================================================

    Total RO  Size (Code + RO Data)               138976 ( 135.72kB)
    Total RW  Size (RW Data + ZI Data)             72592 (  70.89kB)
    Total ROM Size (Code + RO Data + RW Data)     139136 ( 135.88kB)

==============================================================================

