<html>
<body>
<pre>
<h1>µVision Build Log</h1>
<h2>Tool Versions:</h2>
IDE-Version: ¦ÌVision V5.27.1.0
Copyright (C) 2019 ARM Ltd and ARM Germany GmbH. All rights reserved.
License Information: Xueyang Ma, NJUST, LIC=PE7DL-0QQ6R-HL1CL-0QKEU-NH0EQ-JX80E
 
Tool Versions:
Toolchain:       MDK-ARM Plus  Version: 5.27.1.0
Toolchain Path:  D:\Program Files\Keil_v5\ARM\ARMCC\Bin
C Compiler:      Armcc.exe V5.06 update 6 (build 750)
Assembler:       Armasm.exe V5.06 update 6 (build 750)
Linker/Locator:  ArmLink.exe V5.06 update 6 (build 750)
Library Manager: ArmAr.exe V5.06 update 6 (build 750)
Hex Converter:   FromElf.exe V5.06 update 6 (build 750)
CPU DLL:         SARMCM3.DLL V5.27.1.0
Dialog DLL:      DCM.DLL V1.17.2.0
Target DLL:      CMSIS_AGDI.dll V1.31.17.0
Dialog DLL:      TCM.DLL V1.36.1.0
 
<h2>Project:</h2>
D:\shared documents\code projects\keil\stm32f411ccu6CubeMX\HAL_BASE_20210208_1_windowdrag\MDK-ARM\HAL_BASE.uvprojx
Project File Date:  02/08/2021

<h2>Output:</h2>
*** Using Compiler 'V5.06 update 6 (build 750)', folder: 'D:\Program Files\Keil_v5\ARM\ARMCC\Bin'
Build target 'HAL_BASE'
compiling Page_DialPlate.c...
../Core/Inc/rtc.h(44): warning:  #1295-D: Deprecated declaration set_time - give arg types
  void set_time();
../Core/Inc/rtc.h(45): warning:  #1295-D: Deprecated declaration set_alarm - give arg types
  void set_alarm();
..\Core\Src\GUI\Page_DialPlate.c(417): warning:  #177-D: function "LabelStep_Create"  was declared but never referenced
  static void LabelStep_Create()
..\Core\Src\GUI\Page_DialPlate.c: 3 warnings, 0 errors
linking...
Program Size: Code=64606 RO-data=74370 RW-data=512 ZI-data=72080  
FromELF: creating hex file...
"HAL_BASE\HAL_BASE.axf" - 0 Error(s), 3 Warning(s).

<h2>Software Packages used:</h2>

Package Vendor: ARM
                http://www.keil.com/pack/ARM.CMSIS.5.5.1.pack
                ARM.CMSIS.5.5.1
                CMSIS (Cortex Microcontroller Software Interface Standard)
   * Component: CORE Version: 5.2.0

Package Vendor: Keil
                http://www.keil.com/pack/Keil.STM32F4xx_DFP.2.14.0.pack
                Keil.STM32F4xx_DFP.2.14.0
                STMicroelectronics STM32F4 Series Device Support, Drivers and Examples

<h2>Collection of Component include folders:</h2>
  .\RTE\_HAL_BASE
  D:\Users\Ma\AppData\Local\Arm\Packs\ARM\CMSIS\5.5.1\CMSIS\Core\Include
  D:\Users\Ma\AppData\Local\Arm\Packs\Keil\STM32F4xx_DFP\2.14.0\Drivers\CMSIS\Device\ST\STM32F4xx\Include

<h2>Collection of Component Files used:</h2>

   * Component: ARM::CMSIS:CORE:5.2.0
Build Time Elapsed:  00:00:10
</pre>
</body>
</html>
